Modules list:
-------------
main.o:
    CODE              Offs=000000  Size=000D9A  Align=00001  Fill=0000
    RODATA            Offs=000000  Size=000150  Align=00001  Fill=0000
    BSS               Offs=000000  Size=000256  Align=00001  Fill=0000
fujinet.o:
    CODE              Offs=000D9A  Size=000505  Align=00001  Fill=0000
    BSS               Offs=000256  Size=000411  Align=00001  Fill=0000
lynxfnio.o:
    CODE              Offs=00129F  Size=000339  Align=00001  Fill=0000
    RODATA            Offs=000150  Size=000005  Align=00001  Fill=0000
    BSS               Offs=000667  Size=000002  Align=00001  Fill=0000
display.o:
    CODE              Offs=0015D8  Size=00057D  Align=00001  Fill=0000
    RODATA            Offs=000155  Size=0000B1  Align=00001  Fill=0000
    BSS               Offs=000669  Size=000295  Align=00001  Fill=0000
input.o:
    CODE              Offs=001B55  Size=00046A  Align=00001  Fill=0000
    RODATA            Offs=000206  Size=000017  Align=00001  Fill=0000
    DATA              Offs=000000  Size=000054  Align=00001  Fill=0000
/usr/share/cc65/lib/lynx.lib(_directerrno.o):
    CODE              Offs=001FBF  Size=000009  Align=00001  Fill=0000
/usr/share/cc65/lib/lynx.lib(_hextab.o):
    RODATA            Offs=00021D  Size=000010  Align=00001  Fill=0000
/usr/share/cc65/lib/lynx.lib(_longminstr.o):
    RODATA            Offs=00022D  Size=00000C  Align=00001  Fill=0000
/usr/share/cc65/lib/lynx.lib(_oserror.o):
    BSS               Offs=0008FE  Size=000001  Align=00001  Fill=0000
/usr/share/cc65/lib/lynx.lib(_printf.o):
    CODE              Offs=001FC8  Size=0003A5  Align=00001  Fill=0000
    BSS               Offs=0008FF  Size=00002B  Align=00001  Fill=0000
    DATA              Offs=000054  Size=000003  Align=00001  Fill=0000
/usr/share/cc65/lib/lynx.lib(_seterrno.o):
    CODE              Offs=00236D  Size=000009  Align=00001  Fill=0000
/usr/share/cc65/lib/lynx.lib(add.o):
    CODE              Offs=002376  Size=000018  Align=00001  Fill=0000
/usr/share/cc65/lib/lynx.lib(addeqsp.o):
    CODE              Offs=00238E  Size=000011  Align=00001  Fill=0000
/usr/share/cc65/lib/lynx.lib(addysp.o):
    CODE              Offs=00239F  Size=00000E  Align=00001  Fill=0000
/usr/share/cc65/lib/lynx.lib(aslax1.o):
    CODE              Offs=0023AD  Size=000008  Align=00001  Fill=0000
/usr/share/cc65/lib/lynx.lib(aslax2.o):
    CODE              Offs=0023B5  Size=00000B  Align=00001  Fill=0000
/usr/share/cc65/lib/lynx.lib(aslax3.o):
    CODE              Offs=0023C0  Size=00000E  Align=00001  Fill=0000
/usr/share/cc65/lib/lynx.lib(aslax4.o):
    CODE              Offs=0023CE  Size=000011  Align=00001  Fill=0000
/usr/share/cc65/lib/lynx.lib(axlong.o):
    CODE              Offs=0023DF  Size=00000D  Align=00001  Fill=0000
/usr/share/cc65/lib/lynx.lib(bneg.o):
    CODE              Offs=0023EC  Size=00000E  Align=00001  Fill=0000
/usr/share/cc65/lib/lynx.lib(bootldr.o):
    BOOTLDR           Offs=000000  Size=0000CB  Align=00001  Fill=0000
/usr/share/cc65/lib/lynx.lib(callirq.o):
    DATA              Offs=000057  Size=00001E  Align=00001  Fill=0000
/usr/share/cc65/lib/lynx.lib(callmain.o):
    CODE              Offs=0023FA  Size=000017  Align=00001  Fill=0000
    DATA              Offs=000075  Size=000004  Align=00001  Fill=0000
/usr/share/cc65/lib/lynx.lib(cgetc.o):
    CODE              Offs=002411  Size=000050  Align=00001  Fill=0000
/usr/share/cc65/lib/lynx.lib(clock.o):
    CODE              Offs=002461  Size=000029  Align=00001  Fill=0000
    BSS               Offs=00092A  Size=000003  Align=00001  Fill=0000
    LOWCODE           Offs=000000  Size=000015  Align=00001  Fill=0000
    ONCE              Offs=000000  Size=000006  Align=00001  Fill=0000
/usr/share/cc65/lib/lynx.lib(condes.o):
    CODE              Offs=00248A  Size=00000C  Align=00001  Fill=0000
    DATA              Offs=000079  Size=000025  Align=00001  Fill=0000
    ONCE              Offs=000006  Size=00000C  Align=00001  Fill=0000
/usr/share/cc65/lib/lynx.lib(crt0.o):
    RODATA            Offs=000239  Size=00002C  Align=00001  Fill=0000
    STARTUP           Offs=000000  Size=00006D  Align=00001  Fill=0000
/usr/share/cc65/lib/lynx.lib(ctype.o):
    RODATA            Offs=000265  Size=000100  Align=00001  Fill=0000
/usr/share/cc65/lib/lynx.lib(decax1.o):
    CODE              Offs=002496  Size=000007  Align=00001  Fill=0000
/usr/share/cc65/lib/lynx.lib(decax2.o):
    CODE              Offs=00249D  Size=000007  Align=00001  Fill=0000
/usr/share/cc65/lib/lynx.lib(decax4.o):
    CODE              Offs=0024A4  Size=000007  Align=00001  Fill=0000
/usr/share/cc65/lib/lynx.lib(decsp1.o):
    CODE              Offs=0024AB  Size=000009  Align=00001  Fill=0000
/usr/share/cc65/lib/lynx.lib(decsp2.o):
    CODE              Offs=0024B4  Size=00000D  Align=00001  Fill=0000
/usr/share/cc65/lib/lynx.lib(decsp4.o):
    CODE              Offs=0024C1  Size=00000D  Align=00001  Fill=0000
/usr/share/cc65/lib/lynx.lib(decsp5.o):
    CODE              Offs=0024CE  Size=00000D  Align=00001  Fill=0000
/usr/share/cc65/lib/lynx.lib(decsp6.o):
    CODE              Offs=0024DB  Size=00000D  Align=00001  Fill=0000
/usr/share/cc65/lib/lynx.lib(defdir.o):
    DIRECTORY         Offs=000000  Size=000008  Align=00001  Fill=0000
/usr/share/cc65/lib/lynx.lib(eq.o):
    CODE              Offs=0024E8  Size=00000A  Align=00001  Fill=0000
/usr/share/cc65/lib/lynx.lib(errno.o):
    BSS               Offs=00092D  Size=000002  Align=00001  Fill=0000
/usr/share/cc65/lib/lynx.lib(exehdr.o):
    EXEHDR            Offs=000000  Size=000040  Align=00001  Fill=0000
/usr/share/cc65/lib/lynx.lib(extzp.o):
    EXTZP             Offs=000000  Size=000019  Align=00001  Fill=0000
/usr/share/cc65/lib/lynx.lib(icmp.o):
    CODE              Offs=0024F2  Size=00002E  Align=00001  Fill=0000
/usr/share/cc65/lib/lynx.lib(imul16x16r32.o):
    CODE              Offs=002520  Size=00002B  Align=00001  Fill=0000
/usr/share/cc65/lib/lynx.lib(incax3.o):
    CODE              Offs=00254B  Size=000005  Align=00001  Fill=0000
/usr/share/cc65/lib/lynx.lib(incax7.o):
    CODE              Offs=002550  Size=000005  Align=00001  Fill=0000
/usr/share/cc65/lib/lynx.lib(incax8.o):
    CODE              Offs=002555  Size=000005  Align=00001  Fill=0000
/usr/share/cc65/lib/lynx.lib(incaxy.o):
    CODE              Offs=00255A  Size=00000B  Align=00001  Fill=0000
/usr/share/cc65/lib/lynx.lib(incsp1.o):
    CODE              Offs=002565  Size=000007  Align=00001  Fill=0000
/usr/share/cc65/lib/lynx.lib(incsp2.o):
    CODE              Offs=00256C  Size=000015  Align=00001  Fill=0000
/usr/share/cc65/lib/lynx.lib(incsp3.o):
    CODE              Offs=002581  Size=000005  Align=00001  Fill=0000
/usr/share/cc65/lib/lynx.lib(incsp4.o):
    CODE              Offs=002586  Size=000005  Align=00001  Fill=0000
/usr/share/cc65/lib/lynx.lib(incsp5.o):
    CODE              Offs=00258B  Size=000005  Align=00001  Fill=0000
/usr/share/cc65/lib/lynx.lib(incsp6.o):
    CODE              Offs=002590  Size=000005  Align=00001  Fill=0000
/usr/share/cc65/lib/lynx.lib(incsp7.o):
    CODE              Offs=002595  Size=000005  Align=00001  Fill=0000
/usr/share/cc65/lib/lynx.lib(irq.o):
    CODE              Offs=00259A  Size=000001  Align=00001  Fill=0000
    ONCE              Offs=000012  Size=00000D  Align=00001  Fill=0000
    LOWCODE           Offs=000015  Size=000010  Align=00001  Fill=0000
/usr/share/cc65/lib/lynx.lib(joy-kernel.o):
    CODE              Offs=00259B  Size=00004D  Align=00001  Fill=0000
    RODATA            Offs=000365  Size=000004  Align=00001  Fill=0000
    BSS               Offs=00092F  Size=000002  Align=00001  Fill=0000
    DATA              Offs=00009E  Size=00000C  Align=00001  Fill=0000
/usr/share/cc65/lib/lynx.lib(joy_read.o):
/usr/share/cc65/lib/lynx.lib(joy_stat_stddrv.o):
/usr/share/cc65/lib/lynx.lib(kbhit.o):
    CODE              Offs=0025E8  Size=000038  Align=00001  Fill=0000
    DATA              Offs=0000AA  Size=000006  Align=00001  Fill=0000
/usr/share/cc65/lib/lynx.lib(ladd.o):
    CODE              Offs=002620  Size=000024  Align=00001  Fill=0000
/usr/share/cc65/lib/lynx.lib(lcmp.o):
    CODE              Offs=002644  Size=00003B  Align=00001  Fill=0000
/usr/share/cc65/lib/lynx.lib(ldaui.o):
    CODE              Offs=00267F  Size=000009  Align=00001  Fill=0000
/usr/share/cc65/lib/lynx.lib(ldaxi.o):
    CODE              Offs=002688  Size=00000D  Align=00001  Fill=0000
/usr/share/cc65/lib/lynx.lib(ldaxsp.o):
    CODE              Offs=002695  Size=000009  Align=00001  Fill=0000
/usr/share/cc65/lib/lynx.lib(ldeaxysp.o):
    CODE              Offs=00269E  Size=000013  Align=00001  Fill=0000
/usr/share/cc65/lib/lynx.lib(leaaxsp.o):
    CODE              Offs=0026B1  Size=00000C  Align=00001  Fill=0000
/usr/share/cc65/lib/lynx.lib(lge.o):
    CODE              Offs=0026BD  Size=000006  Align=00001  Fill=0000
/usr/share/cc65/lib/lynx.lib(libref.o):
/usr/share/cc65/lib/lynx.lib(lmul.o):
    CODE              Offs=0026C3  Size=000059  Align=00001  Fill=0000
/usr/share/cc65/lib/lynx.lib(lneg.o):
    CODE              Offs=00271C  Size=00001E  Align=00001  Fill=0000
/usr/share/cc65/lib/lynx.lib(lpush.o):
    CODE              Offs=00273A  Size=00001E  Align=00001  Fill=0000
/usr/share/cc65/lib/lynx.lib(lsub.o):
    CODE              Offs=002758  Size=000024  Align=00001  Fill=0000
/usr/share/cc65/lib/lynx.lib(ltoa.o):
    CODE              Offs=00277C  Size=000093  Align=00001  Fill=0000
/usr/share/cc65/lib/lynx.lib(makebool.o):
    CODE              Offs=00280F  Size=00002C  Align=00001  Fill=0000
/usr/share/cc65/lib/lynx.lib(memcpy.o):
    CODE              Offs=00283B  Size=00003C  Align=00001  Fill=0000
/usr/share/cc65/lib/lynx.lib(memset.o):
    CODE              Offs=002877  Size=00005D  Align=00001  Fill=0000
/usr/share/cc65/lib/lynx.lib(mul.o):
    CODE              Offs=0028D4  Size=000045  Align=00001  Fill=0000
/usr/share/cc65/lib/lynx.lib(mul8.o):
    CODE              Offs=002919  Size=00003A  Align=00001  Fill=0000
/usr/share/cc65/lib/lynx.lib(ne.o):
    CODE              Offs=002953  Size=00000A  Align=00001  Fill=0000
/usr/share/cc65/lib/lynx.lib(negabs.o):
    CODE              Offs=00295D  Size=000012  Align=00001  Fill=0000
/usr/share/cc65/lib/lynx.lib(or.o):
    CODE              Offs=00296F  Size=000011  Align=00001  Fill=0000
/usr/share/cc65/lib/lynx.lib(popa.o):
    CODE              Offs=002980  Size=00000A  Align=00001  Fill=0000
/usr/share/cc65/lib/lynx.lib(popptr1.o):
    CODE              Offs=00298A  Size=00000E  Align=00001  Fill=0000
/usr/share/cc65/lib/lynx.lib(push1.o):
    CODE              Offs=002998  Size=000005  Align=00001  Fill=0000
/usr/share/cc65/lib/lynx.lib(pusha.o):
    CODE              Offs=00299D  Size=000016  Align=00001  Fill=0000
/usr/share/cc65/lib/lynx.lib(pushax.o):
    CODE              Offs=0029B3  Size=00001A  Align=00001  Fill=0000
/usr/share/cc65/lib/lynx.lib(pushwsp.o):
    CODE              Offs=0029CD  Size=00001C  Align=00001  Fill=0000
/usr/share/cc65/lib/lynx.lib(return0.o):
    CODE              Offs=0029E9  Size=000004  Align=00001  Fill=0000
/usr/share/cc65/lib/lynx.lib(return1.o):
    CODE              Offs=0029ED  Size=000005  Align=00001  Fill=0000
/usr/share/cc65/lib/lynx.lib(ser-kernel.o):
    CODE              Offs=0029F2  Size=00005D  Align=00001  Fill=0000
    RODATA            Offs=000369  Size=000004  Align=00001  Fill=0000
    BSS               Offs=000931  Size=000002  Align=00001  Fill=0000
    DATA              Offs=0000B0  Size=00001B  Align=00001  Fill=0000
/usr/share/cc65/lib/lynx.lib(ser_close.o):
/usr/share/cc65/lib/lynx.lib(ser_get.o):
    CODE              Offs=002A4F  Size=000007  Align=00001  Fill=0000
/usr/share/cc65/lib/lynx.lib(ser_open.o):
    CODE              Offs=002A56  Size=000007  Align=00001  Fill=0000
/usr/share/cc65/lib/lynx.lib(ser_put.o):
/usr/share/cc65/lib/lynx.lib(sleep.o):
    CODE              Offs=002A5D  Size=000042  Align=00001  Fill=0000
/usr/share/cc65/lib/lynx.lib(sprintf.o):
    CODE              Offs=002A9F  Size=00002B  Align=00001  Fill=0000
    BSS               Offs=000933  Size=000001  Align=00001  Fill=0000
/usr/share/cc65/lib/lynx.lib(staspidx.o):
    CODE              Offs=002ACA  Size=000016  Align=00001  Fill=0000
/usr/share/cc65/lib/lynx.lib(staxsp.o):
    CODE              Offs=002AE0  Size=00000B  Align=00001  Fill=0000
/usr/share/cc65/lib/lynx.lib(staxspi.o):
    CODE              Offs=002AEB  Size=00001A  Align=00001  Fill=0000
/usr/share/cc65/lib/lynx.lib(strcat.o):
    CODE              Offs=002B05  Size=00002F  Align=00001  Fill=0000
/usr/share/cc65/lib/lynx.lib(strcpy.o):
    CODE              Offs=002B34  Size=00001F  Align=00001  Fill=0000
/usr/share/cc65/lib/lynx.lib(strlen.o):
    CODE              Offs=002B53  Size=000016  Align=00001  Fill=0000
/usr/share/cc65/lib/lynx.lib(strlower.o):
    CODE              Offs=002B69  Size=000028  Align=00001  Fill=0000
/usr/share/cc65/lib/lynx.lib(subeqsp.o):
    CODE              Offs=002B91  Size=000015  Align=00001  Fill=0000
/usr/share/cc65/lib/lynx.lib(subysp.o):
    CODE              Offs=002BA6  Size=00000D  Align=00001  Fill=0000
/usr/share/cc65/lib/lynx.lib(tgi-kernel.o):
    CODE              Offs=002BB3  Size=00007F  Align=00001  Fill=0000
    RODATA            Offs=00036D  Size=000004  Align=00001  Fill=0000
    BSS               Offs=000934  Size=000028  Align=00001  Fill=0000
    DATA              Offs=0000CB  Size=000039  Align=00001  Fill=0000
/usr/share/cc65/lib/lynx.lib(tgi_bar.o):
    CODE              Offs=002C32  Size=0000A9  Align=00001  Fill=0000
/usr/share/cc65/lib/lynx.lib(tgi_clear.o):
/usr/share/cc65/lib/lynx.lib(tgi_clippedline.o):
    CODE              Offs=002CDB  Size=0001E3  Align=00001  Fill=0000
    BSS               Offs=00095C  Size=000008  Align=00001  Fill=0000
/usr/share/cc65/lib/lynx.lib(tgi_colors.o):
/usr/share/cc65/lib/lynx.lib(tgi_curtoxy.o):
    CODE              Offs=002EBE  Size=000015  Align=00001  Fill=0000
/usr/share/cc65/lib/lynx.lib(tgi_done.o):
    CODE              Offs=002ED3  Size=00000E  Align=00001  Fill=0000
/usr/share/cc65/lib/lynx.lib(tgi_getmaxx.o):
    CODE              Offs=002EE1  Size=000007  Align=00001  Fill=0000
/usr/share/cc65/lib/lynx.lib(tgi_getmaxy.o):
    CODE              Offs=002EE8  Size=000007  Align=00001  Fill=0000
/usr/share/cc65/lib/lynx.lib(tgi_gettextwidth.o):
    CODE              Offs=002EEF  Size=000057  Align=00001  Fill=0000
/usr/share/cc65/lib/lynx.lib(tgi_getxres.o):
    CODE              Offs=002F46  Size=000007  Align=00001  Fill=0000
/usr/share/cc65/lib/lynx.lib(tgi_getyres.o):
    CODE              Offs=002F4D  Size=000007  Align=00001  Fill=0000
/usr/share/cc65/lib/lynx.lib(tgi_imulround.o):
    CODE              Offs=002F54  Size=000025  Align=00001  Fill=0000
/usr/share/cc65/lib/lynx.lib(tgi_init.o):
    CODE              Offs=002F79  Size=000058  Align=00001  Fill=0000
/usr/share/cc65/lib/lynx.lib(tgi_ioctl.o):
    CODE              Offs=002FD1  Size=00000A  Align=00001  Fill=0000
/usr/share/cc65/lib/lynx.lib(tgi_irq.o):
    DATA              Offs=000104  Size=000003  Align=00001  Fill=0000
/usr/share/cc65/lib/lynx.lib(tgi_line.o):
    CODE              Offs=002FDB  Size=000018  Align=00001  Fill=0000
/usr/share/cc65/lib/lynx.lib(tgi_linepop.o):
    CODE              Offs=002FF3  Size=00001C  Align=00001  Fill=0000
/usr/share/cc65/lib/lynx.lib(tgi_lineto.o):
    CODE              Offs=00300F  Size=000013  Align=00001  Fill=0000
/usr/share/cc65/lib/lynx.lib(tgi_outcode.o):
    CODE              Offs=003022  Size=000041  Align=00001  Fill=0000
    BSS               Offs=000964  Size=000008  Align=00001  Fill=0000
/usr/share/cc65/lib/lynx.lib(tgi_outtext.o):
    CODE              Offs=003063  Size=000091  Align=00001  Fill=0000
/usr/share/cc65/lib/lynx.lib(tgi_outtextxy.o):
    CODE              Offs=0030F4  Size=000021  Align=00001  Fill=0000
/usr/share/cc65/lib/lynx.lib(tgi_setcolor.o):
    CODE              Offs=003115  Size=00000E  Align=00001  Fill=0000
/usr/share/cc65/lib/lynx.lib(tgi_settextstyle.o):
    CODE              Offs=003123  Size=000042  Align=00001  Fill=0000
/usr/share/cc65/lib/lynx.lib(tgi_stat_stddrv.o):
/usr/share/cc65/lib/lynx.lib(tgi_vectorchar.o):
    CODE              Offs=003165  Size=0000D5  Align=00001  Fill=0000
    BSS               Offs=00096C  Size=000008  Align=00001  Fill=0000
/usr/share/cc65/lib/lynx.lib(toascii.o):
    CODE              Offs=00323A  Size=000003  Align=00001  Fill=0000
/usr/share/cc65/lib/lynx.lib(udiv32by16r16.o):
    CODE              Offs=00323D  Size=000031  Align=00001  Fill=0000
/usr/share/cc65/lib/lynx.lib(ugt.o):
    CODE              Offs=00326E  Size=00000A  Align=00001  Fill=0000
/usr/share/cc65/lib/lynx.lib(ult.o):
    CODE              Offs=003278  Size=000008  Align=00001  Fill=0000
/usr/share/cc65/lib/lynx.lib(umul16x16r32.o):
    CODE              Offs=003280  Size=00002C  Align=00001  Fill=0000
/usr/share/cc65/lib/lynx.lib(umul8x16r24.o):
    CODE              Offs=0032AC  Size=00002C  Align=00001  Fill=0000
/usr/share/cc65/lib/lynx.lib(vsnprintf.o):
    CODE              Offs=0032D8  Size=0000DA  Align=00001  Fill=0000
    DATA              Offs=000107  Size=000008  Align=00001  Fill=0000
/usr/share/cc65/lib/lynx.lib(vsprintf.o):
    CODE              Offs=0033B2  Size=000012  Align=00001  Fill=0000
/usr/share/cc65/lib/lynx.lib(xor.o):
    CODE              Offs=0033C4  Size=000011  Align=00001  Fill=0000
/usr/share/cc65/lib/lynx.lib(zerobss.o):
    CODE              Offs=0033D5  Size=000023  Align=00001  Fill=0000
/usr/share/cc65/lib/lynx.lib(zeropage.o):
    ZEROPAGE          Offs=000000  Size=00001A  Align=00001  Fill=0000
/usr/share/cc65/lib/lynx.lib(lynx-stdjoy-joy.o):
    CODE              Offs=0033F8  Size=000012  Align=00001  Fill=0000
    DATA              Offs=00010F  Size=00000E  Align=00001  Fill=0000
/usr/share/cc65/lib/lynx.lib(lynx-comlynx-ser.o):
    CODE              Offs=00340A  Size=0001EC  Align=00001  Fill=0000
    BSS               Offs=000974  Size=000207  Align=00001  Fill=0000
    DATA              Offs=00011D  Size=000018  Align=00001  Fill=0000
/usr/share/cc65/lib/lynx.lib(lynx-160-102-16-tgi.o):
    CODE              Offs=0035F6  Size=0003B0  Align=00001  Fill=0000
    RODATA            Offs=000371  Size=000324  Align=00001  Fill=0000
    BSS               Offs=000B7B  Size=0000BD  Align=00001  Fill=0000
    DATA              Offs=000135  Size=000090  Align=00001  Fill=0000


Segment list:
-------------
Name                   Start     End    Size  Align
----------------------------------------------------
DIRECTORY             000000  000007  000008  00001
EXEHDR                000000  00003F  000040  00001
ZEROPAGE              000000  000019  00001A  00001
EXTZP                 00001A  000032  000019  00001
BOOTLDR               000200  0002CA  0000CB  00001
STARTUP               000200  00026C  00006D  00001
LOWCODE               00026D  000291  000025  00001
ONCE                  000292  0002B4  000023  00001
CODE                  0002B5  003C5A  0039A6  00001
RODATA                003C5B  0042F7  00069D  00001
DATA                  0042F8  0044BC  0001C5  00001
BSS                   0044BD  0050F4  000C38  00001


Exports list by name:
---------------------
KBEDG                     0043A4 RLA    KBSTL                     0043A5 RLA    
_FileBlockByte            00002F RLZ    _FileBlockOffset          000027 RLZ    
_FileCurrBlock            00002E RLZ    _FileDestAddr             00002A RLZ    
_FileDestPtr              000031 RLZ    _FileEntry                000026 RLZ    
_FileFileLen              00002C RLZ    _FileStartBlock           000026 RLZ    
__BANK0BLOCKSIZE__        000400 REA    __BANK1BLOCKSIZE__        000000 REA    
__BOOTLDR__               000001 REA    __BSS_RUN__               0044BD RLA    
__BSS_SIZE__              000C38 REA    __CALLIRQ__               000001 REA    
__CODE_SIZE__             0039A6 REA    __CONSTRUCTOR_COUNT__     000002 REA    
__CONSTRUCTOR_TABLE__     0002B1 RLA    __DATA_SIZE__             0001C5 REA    
__DEFDIR__                000001 REA    __DESTRUCTOR_COUNT__      000001 REA    
__DESTRUCTOR_TABLE__      0042F0 RLA    __EXEHDR__                000001 REA    
__INTERRUPTOR_COUNT__     000003 REA    __INTERRUPTOR_TABLE__     0042F2 RLA    
__LOWCODE_SIZE__          000025 REA    __MAIN_SIZE__             00B638 REA    
__MAIN_START__            000200 RLA    __ONCE_SIZE__             000023 REA    
__RODATA_SIZE__           00069D REA    __STACKSIZE__             000800 REA    
__STARTOFDIRECTORY__      0000CB REA    __STARTUP_SIZE__          00006D REA    
__STARTUP__               000001 REA    __bzero                   002B2C RLA    
__clk_tck                 002727 RLA    __ctype                   003EC0 RLA    
__directerrno             002274 RLA    __errno                   004DEA RLA    
__hextab                  003E78 RLA    __iodat                   00001A RLZ    
__iodir                   00001B RLZ    __longminstr              003E88 RLA    
__oserror                 004DBB RLA    __printf                  002370 RLA    
__seterrno                002622 RLA    __sprsys                  00001D RLZ    
__viddma                  00001C RLZ    _cgetc                    0026C6 RLA    
_check_joy_and_keys       001E71 RLA    _clock                    002716 RLA    
_display_adapter_config   001A26 RLA    _display_files            001D4E RLA    
_display_hosts            001C96 RLA    _draw_box_with_text       00188D RLA    
_exit                     000268 RLA    _filenames                004B3B RLA    
_fncfg                    004735 RLA    _fnio_init                0015CA RLA    
_fnio_recv                0016C1 RLA    _fnio_send                0015F4 RLA    
_fujinet_close_directory  001441 RLA    _fujinet_get_adapter_config 00122A RLA    
_fujinet_get_wifi_status  00115B RLA    _fujinet_mount_host       001377 RLA    
_fujinet_open_directory   0013EF RLA    _fujinet_read_directory_entry 0014F6 RLA    
_fujinet_read_host_slots  0012F7 RLA    _fujinet_scan_networks    0011AD RLA    
_fujinet_scan_results     0011E7 RLA    _fujinet_set_directory_position 0014AC RLA    
_fujinet_set_ssid         001298 RLA    _fujinet_unmount_host     0013B3 RLA    
_fujinet_write_host_slots 00132E RLA    _get_input                001ED2 RLA    
_get_input_with_title     002206 RLA    _host_slots               004822 RLA    
_joy_install              002850 RLA    _joy_read                 00439F REA    
_joy_static_stddrv        004407 RLA    _kbhit                    00289D RLA    
_ltoa                     002A49 RLA    _lynx_160_102_16_tgi      00442D RLA    
_lynx_comlynx_ser         004415 RLA    _lynx_stdjoy_joy          004407 RLA    
_main                     000F85 RLA    _memcpy                   002AF0 RLA    
_print_error              0019DE RLA    _print_key_legend         00199B RLA    
_s                        004B26 RLA    _ser_close                0043B1 REA    
_ser_get                  002D04 RLA    _ser_install              002CA7 RLA    
_ser_open                 002D0B RLA    _ser_put                  0043B7 REA    
_sleep                    002D12 RLA    _sprintf                  002D54 RLA    
_ssid_pass                0047C1 RLA    _strcat                   002DBA RLA    
_strcpy                   002DE9 RLA    _strlen                   002E08 RLA    
_strlower                 002E1E RLA    _tgi_bar                  002EE7 RLA    
_tgi_charwidth            004E02 RLA    _tgi_clear                0043D5 REA    
_tgi_color                004DF9 RLA    _tgi_colorcount           004E12 RLA    
_tgi_curx                 004DF5 RLA    _tgi_cury                 004DF7 RLA    
_tgi_done                 003188 RLA    _tgi_error                004DF3 RLA    
_tgi_flags                004E18 RLA    _tgi_font                 004DFA RLA    
_tgi_fontheight           004E15 RLA    _tgi_fontwidth            004E14 RLA    
_tgi_getmaxx              003196 RLA    _tgi_getmaxy              00319D RLA    
_tgi_gettextwidth         0031A4 RLA    _tgi_getxres              0031FB RLA    
_tgi_getyres              003202 RLA    _tgi_gmode                004DF4 RLA    
_tgi_init                 00322E RLA    _tgi_install              002E68 RLA    
_tgi_ioctl                003286 RLA    _tgi_line                 003290 RLA    
_tgi_lineto               0032C4 RLA    _tgi_outtext              003318 RLA    
_tgi_outtextxy            0033A9 RLA    _tgi_setcolor             0033CA RLA    
_tgi_settextstyle         0033D8 RLA    _tgi_static_stddrv        00442D RLA    
_tgi_textdir              004DFB RLA    _tgi_textscaleh           004E04 RLA    
_tgi_textscalew           004DFE RLA    _tgi_vectorchar           00345C RLA    
_tgi_vectorfont           004DFC RLA    _tgi_xmax                 004E0A RLA    
_tgi_xres                 004E0E RLA    _tgi_ymax                 004E0C RLA    
_tgi_yres                 004E10 RLA    _toascii                  0034EF RLA    
_ultoa                    002A88 RLA    _vsprintf                 003667 RLA    
_wait_for_button          001E0A RLA    _wifi                     004713 RLA    
addeqysp                  002645 RLA    addysp                    002655 RLA    
addysp1                   002654 RLA    aslax1                    002662 RLA    
aslax2                    00266A RLA    aslax4                    002683 RLA    
axlong                    002694 RLA    axulong                   00269A RLA    
bnega                     0026A5 RLA    booleq                    002ACA RLA    
boolge                    002ADB RLA    boolne                    002AC4 RLA    
boolugt                   002AE9 RLA    boolult                   002AE3 RLA    
callirq                   00434F RLA    callmain                  0026AF RLA    
decax1                    00274B RLA    decax2                    002752 RLA    
decax4                    002759 RLA    decsp1                    002760 RLA    
decsp2                    002769 RLA    decsp4                    002776 RLA    
decsp5                    002783 RLA    decsp6                    002790 RLA    
doneirq                   00284F RLA    donelib                   00273F RLA    
imul16x16r32              0027D5 RLA    incax3                    002800 RLA    
incax4                    00280F RLA    incax7                    002805 RLA    
incax8                    00280A RLA    incaxy                    002811 RLA    
incsp1                    00281A RLA    incsp2                    002828 RLA    
incsp3                    002836 RLA    incsp4                    00283B RLA    
incsp5                    002840 RLA    incsp6                    002845 RLA    
incsp7                    00284A RLA    init_clock                000292  LAI   
initirq                   0002A4 RLA    initlib                   000298 RLA    
irq_done                  00284F  LAI   irq_init                  0002A4  LAI   
joy_libref                000268 RLA    joy_read                  00439F RLA    
ldauidx                   002934 RLA    ldaxidx                   00293F RLA    
ldaxysp                   00294C RLA    ldeax0sp                  002953 RLA    
leaa0sp                   002966 RLA    mul8x16                   002BD0 RLA    
mul8x16a                  002BDA RLA    negax                     002C16 RLA    
negeax                    0029D1 RLA    popa                      002C35 RLA    
popax                     002821 RLA    popptr1                   002C3F RLA    
ptr1                      000008 RLZ    ptr2                      00000A RLZ    
ptr3                      00000C RLZ    ptr4                      00000E RLZ    
push1                     002C4D RLA    pusha                     002C56 RLA    
pusha0                    002C6A RLA    pushax                    002C6C RLA    
pusheax                   0029F6 RLA    pushw0sp                  002C82 RLA    
regbank                   000014 RLZ    return0                   002C9E RLA    
return1                   002CA2 RLA    ser_close                 0043B1 RLA    
ser_get                   0043B4 RLA    ser_irq                   0043C0  LAI   
ser_libref                000268 RLA    ser_open                  0043AE RLA    
ser_put                   0043B7 RLA    shlax3                    002675 RLA    
sp                        000000 RLZ    sreg                      000002 RLZ    
staspidx                  002D7F RLA    staxspidx                 002DA0 RLA    
staxysp                   002D97 RLA    subeqysp                  002E48 RLA    
subysp                    002E5B RLA    tgi_bar                   0043F3 RLA    
tgi_clear                 0043D5 RLA    tgi_clip_x1               004E21 RLA    
tgi_clip_x2               004E25 RLA    tgi_clip_y1               004E23 RLA    
tgi_clip_y2               004E27 RLA    tgi_clippedline           003054 RLA    
tgi_color_white           00000F REZ    tgi_control               0043D2 RLA    
tgi_curtoxy               003173 RLA    tgi_done                  0043CC RLA    
tgi_getdefpalette         0043E7 RLA    tgi_geterror              0043CF RLA    
tgi_imulround             003210 RLA    tgi_init                  0043C9 RLA    
tgi_inv_arg               002EBE RLA    tgi_irq                   0043FC  LAI   
tgi_libref                0043FC RLA    tgi_line                  0043F0 RLA    
tgi_linepop               0032A8 RLA    tgi_outcode               0032D7 RLA    
tgi_outtext               0043F9 RLA    tgi_setcolor              0043DE RLA    
tgi_setdrawpage           0043DB RLA    tgi_setpalette            0043E1 RLA    
tgi_setviewpage           0043D8 RLA    tmp1                      000010 RLZ    
tmp2                      000011 RLZ    tmp3                      000012 RLZ    
tmp4                      000013 RLZ    tosaddax                  00262D RLA    
tosaddeax                 0028DB RLA    toseqax                   0027A1 RLA    
tosgeeax                  002972 RLA    tosicmp                   0027A9 RLA    
toslcmp                   0028F9 RLA    tosmulax                  002B89 RLA    
tosneax                   002C0C RLA    tosorax                   002C26 RLA    
tossubeax                 002A11 RLA    tosugtax                  003527 RLA    
tosultax                  00352F RLA    tosumuleax                00297C RLA    
tosxorax                  00367B RLA    udiv32by16r16             0034F2 RLA    
umul16x16r32              003535 RLA    umul16x16r32m             003539 RLA    
umul8x16r16               003561 RLA    umul8x16r24               003561 RLA    
update_clock              00026D  LAI   vsnprintf                 003590 RLA    
zerobss                   00368A RLA    


Exports list by value:
----------------------
__BANK1BLOCKSIZE__        000000 REA    sp                        000000 RLZ    
__BOOTLDR__               000001 REA    __CALLIRQ__               000001 REA    
__DEFDIR__                000001 REA    __DESTRUCTOR_COUNT__      000001 REA    
__EXEHDR__                000001 REA    __STARTUP__               000001 REA    
__CONSTRUCTOR_COUNT__     000002 REA    sreg                      000002 RLZ    
__INTERRUPTOR_COUNT__     000003 REA    ptr1                      000008 RLZ    
ptr2                      00000A RLZ    ptr3                      00000C RLZ    
ptr4                      00000E RLZ    tgi_color_white           00000F REZ    
tmp1                      000010 RLZ    tmp2                      000011 RLZ    
tmp3                      000012 RLZ    tmp4                      000013 RLZ    
regbank                   000014 RLZ    __iodat                   00001A RLZ    
__iodir                   00001B RLZ    __viddma                  00001C RLZ    
__sprsys                  00001D RLZ    __ONCE_SIZE__             000023 REA    
__LOWCODE_SIZE__          000025 REA    _FileEntry                000026 RLZ    
_FileStartBlock           000026 RLZ    _FileBlockOffset          000027 RLZ    
_FileDestAddr             00002A RLZ    _FileFileLen              00002C RLZ    
_FileCurrBlock            00002E RLZ    _FileBlockByte            00002F RLZ    
_FileDestPtr              000031 RLZ    __STARTUP_SIZE__          00006D REA    
__STARTOFDIRECTORY__      0000CB REA    __DATA_SIZE__             0001C5 REA    
__MAIN_START__            000200 RLA    _exit                     000268 RLA    
joy_libref                000268 RLA    ser_libref                000268 RLA    
update_clock              00026D  LAI   init_clock                000292  LAI   
initlib                   000298 RLA    initirq                   0002A4 RLA    
irq_init                  0002A4  LAI   __CONSTRUCTOR_TABLE__     0002B1 RLA    
__BANK0BLOCKSIZE__        000400 REA    __RODATA_SIZE__           00069D REA    
__STACKSIZE__             000800 REA    __BSS_SIZE__              000C38 REA    
_main                     000F85 RLA    _fujinet_get_wifi_status  00115B RLA    
_fujinet_scan_networks    0011AD RLA    _fujinet_scan_results     0011E7 RLA    
_fujinet_get_adapter_config 00122A RLA    _fujinet_set_ssid         001298 RLA    
_fujinet_read_host_slots  0012F7 RLA    _fujinet_write_host_slots 00132E RLA    
_fujinet_mount_host       001377 RLA    _fujinet_unmount_host     0013B3 RLA    
_fujinet_open_directory   0013EF RLA    _fujinet_close_directory  001441 RLA    
_fujinet_set_directory_position 0014AC RLA    _fujinet_read_directory_entry 0014F6 RLA    
_fnio_init                0015CA RLA    _fnio_send                0015F4 RLA    
_fnio_recv                0016C1 RLA    _draw_box_with_text       00188D RLA    
_print_key_legend         00199B RLA    _print_error              0019DE RLA    
_display_adapter_config   001A26 RLA    _display_hosts            001C96 RLA    
_display_files            001D4E RLA    _wait_for_button          001E0A RLA    
_check_joy_and_keys       001E71 RLA    _get_input                001ED2 RLA    
_get_input_with_title     002206 RLA    __directerrno             002274 RLA    
__printf                  002370 RLA    __seterrno                002622 RLA    
tosaddax                  00262D RLA    addeqysp                  002645 RLA    
addysp1                   002654 RLA    addysp                    002655 RLA    
aslax1                    002662 RLA    aslax2                    00266A RLA    
shlax3                    002675 RLA    aslax4                    002683 RLA    
axlong                    002694 RLA    axulong                   00269A RLA    
bnega                     0026A5 RLA    callmain                  0026AF RLA    
_cgetc                    0026C6 RLA    _clock                    002716 RLA    
__clk_tck                 002727 RLA    donelib                   00273F RLA    
decax1                    00274B RLA    decax2                    002752 RLA    
decax4                    002759 RLA    decsp1                    002760 RLA    
decsp2                    002769 RLA    decsp4                    002776 RLA    
decsp5                    002783 RLA    decsp6                    002790 RLA    
toseqax                   0027A1 RLA    tosicmp                   0027A9 RLA    
imul16x16r32              0027D5 RLA    incax3                    002800 RLA    
incax7                    002805 RLA    incax8                    00280A RLA    
incax4                    00280F RLA    incaxy                    002811 RLA    
incsp1                    00281A RLA    popax                     002821 RLA    
incsp2                    002828 RLA    incsp3                    002836 RLA    
incsp4                    00283B RLA    incsp5                    002840 RLA    
incsp6                    002845 RLA    incsp7                    00284A RLA    
doneirq                   00284F RLA    irq_done                  00284F  LAI   
_joy_install              002850 RLA    _kbhit                    00289D RLA    
tosaddeax                 0028DB RLA    toslcmp                   0028F9 RLA    
ldauidx                   002934 RLA    ldaxidx                   00293F RLA    
ldaxysp                   00294C RLA    ldeax0sp                  002953 RLA    
leaa0sp                   002966 RLA    tosgeeax                  002972 RLA    
tosumuleax                00297C RLA    negeax                    0029D1 RLA    
pusheax                   0029F6 RLA    tossubeax                 002A11 RLA    
_ltoa                     002A49 RLA    _ultoa                    002A88 RLA    
boolne                    002AC4 RLA    booleq                    002ACA RLA    
boolge                    002ADB RLA    boolult                   002AE3 RLA    
boolugt                   002AE9 RLA    _memcpy                   002AF0 RLA    
__bzero                   002B2C RLA    tosmulax                  002B89 RLA    
mul8x16                   002BD0 RLA    mul8x16a                  002BDA RLA    
tosneax                   002C0C RLA    negax                     002C16 RLA    
tosorax                   002C26 RLA    popa                      002C35 RLA    
popptr1                   002C3F RLA    push1                     002C4D RLA    
pusha                     002C56 RLA    pusha0                    002C6A RLA    
pushax                    002C6C RLA    pushw0sp                  002C82 RLA    
return0                   002C9E RLA    return1                   002CA2 RLA    
_ser_install              002CA7 RLA    _ser_get                  002D04 RLA    
_ser_open                 002D0B RLA    _sleep                    002D12 RLA    
_sprintf                  002D54 RLA    staspidx                  002D7F RLA    
staxysp                   002D97 RLA    staxspidx                 002DA0 RLA    
_strcat                   002DBA RLA    _strcpy                   002DE9 RLA    
_strlen                   002E08 RLA    _strlower                 002E1E RLA    
subeqysp                  002E48 RLA    subysp                    002E5B RLA    
_tgi_install              002E68 RLA    tgi_inv_arg               002EBE RLA    
_tgi_bar                  002EE7 RLA    tgi_clippedline           003054 RLA    
tgi_curtoxy               003173 RLA    _tgi_done                 003188 RLA    
_tgi_getmaxx              003196 RLA    _tgi_getmaxy              00319D RLA    
_tgi_gettextwidth         0031A4 RLA    _tgi_getxres              0031FB RLA    
_tgi_getyres              003202 RLA    tgi_imulround             003210 RLA    
_tgi_init                 00322E RLA    _tgi_ioctl                003286 RLA    
_tgi_line                 003290 RLA    tgi_linepop               0032A8 RLA    
_tgi_lineto               0032C4 RLA    tgi_outcode               0032D7 RLA    
_tgi_outtext              003318 RLA    _tgi_outtextxy            0033A9 RLA    
_tgi_setcolor             0033CA RLA    _tgi_settextstyle         0033D8 RLA    
_tgi_vectorchar           00345C RLA    _toascii                  0034EF RLA    
udiv32by16r16             0034F2 RLA    tosugtax                  003527 RLA    
tosultax                  00352F RLA    umul16x16r32              003535 RLA    
umul16x16r32m             003539 RLA    umul8x16r16               003561 RLA    
umul8x16r24               003561 RLA    vsnprintf                 003590 RLA    
_vsprintf                 003667 RLA    tosxorax                  00367B RLA    
zerobss                   00368A RLA    __CODE_SIZE__             0039A6 REA    
__hextab                  003E78 RLA    __longminstr              003E88 RLA    
__ctype                   003EC0 RLA    __DESTRUCTOR_TABLE__      0042F0 RLA    
__INTERRUPTOR_TABLE__     0042F2 RLA    callirq                   00434F RLA    
_joy_read                 00439F REA    joy_read                  00439F RLA    
KBEDG                     0043A4 RLA    KBSTL                     0043A5 RLA    
ser_open                  0043AE RLA    _ser_close                0043B1 REA    
ser_close                 0043B1 RLA    ser_get                   0043B4 RLA    
_ser_put                  0043B7 REA    ser_put                   0043B7 RLA    
ser_irq                   0043C0  LAI   tgi_init                  0043C9 RLA    
tgi_done                  0043CC RLA    tgi_geterror              0043CF RLA    
tgi_control               0043D2 RLA    _tgi_clear                0043D5 REA    
tgi_clear                 0043D5 RLA    tgi_setviewpage           0043D8 RLA    
tgi_setdrawpage           0043DB RLA    tgi_setcolor              0043DE RLA    
tgi_setpalette            0043E1 RLA    tgi_getdefpalette         0043E7 RLA    
tgi_line                  0043F0 RLA    tgi_bar                   0043F3 RLA    
tgi_outtext               0043F9 RLA    tgi_irq                   0043FC  LAI   
tgi_libref                0043FC RLA    _joy_static_stddrv        004407 RLA    
_lynx_stdjoy_joy          004407 RLA    _lynx_comlynx_ser         004415 RLA    
_lynx_160_102_16_tgi      00442D RLA    _tgi_static_stddrv        00442D RLA    
__BSS_RUN__               0044BD RLA    _wifi                     004713 RLA    
_fncfg                    004735 RLA    _ssid_pass                0047C1 RLA    
_host_slots               004822 RLA    _s                        004B26 RLA    
_filenames                004B3B RLA    __oserror                 004DBB RLA    
__errno                   004DEA RLA    _tgi_error                004DF3 RLA    
_tgi_gmode                004DF4 RLA    _tgi_curx                 004DF5 RLA    
_tgi_cury                 004DF7 RLA    _tgi_color                004DF9 RLA    
_tgi_font                 004DFA RLA    _tgi_textdir              004DFB RLA    
_tgi_vectorfont           004DFC RLA    _tgi_textscalew           004DFE RLA    
_tgi_charwidth            004E02 RLA    _tgi_textscaleh           004E04 RLA    
_tgi_xmax                 004E0A RLA    _tgi_ymax                 004E0C RLA    
_tgi_xres                 004E0E RLA    _tgi_yres                 004E10 RLA    
_tgi_colorcount           004E12 RLA    _tgi_fontwidth            004E14 RLA    
_tgi_fontheight           004E15 RLA    _tgi_flags                004E18 RLA    
tgi_clip_x1               004E21 RLA    tgi_clip_y1               004E23 RLA    
tgi_clip_x2               004E25 RLA    tgi_clip_y2               004E27 RLA    
__MAIN_SIZE__             00B638 REA    


Imports list:
-------------
KBEDG (kbhit.o):
    cgetc.o                   lynx/cgetc.s(9)
KBSTL (kbhit.o):
    cgetc.o                   lynx/cgetc.s(10)
_FileBlockByte (extzp.o):
    bootldr.o                 lynx/extzp.inc(26)
_FileBlockOffset (extzp.o):
    bootldr.o                 lynx/extzp.inc(21)
_FileCurrBlock (extzp.o):
    bootldr.o                 lynx/extzp.inc(25)
_FileDestAddr (extzp.o):
    bootldr.o                 lynx/extzp.inc(23)
_FileDestPtr (extzp.o):
    bootldr.o                 lynx/extzp.inc(27)
_FileEntry (extzp.o):
    bootldr.o                 lynx/extzp.inc(19)
_FileFileLen (extzp.o):
    bootldr.o                 lynx/extzp.inc(24)
_FileStartBlock (extzp.o):
    bootldr.o                 lynx/extzp.inc(20)
__BANK0BLOCKSIZE__ ([linker generated]):
    exehdr.o                  lynx/exehdr.s(6)
    defdir.o                  lynx/defdir.s(11)
    bootldr.o                 lynx/bootldr.s(8)
__BANK1BLOCKSIZE__ ([linker generated]):
    exehdr.o                  lynx/exehdr.s(7)
__BOOTLDR__ (bootldr.o):
    [linker generated]        /usr/share/cc65/cfg/lynx.cfg(7)
__BSS_RUN__ ([linker generated]):
    zerobss.o                 common/zerobss.s(8)
__BSS_SIZE__ ([linker generated]):
    zerobss.o                 common/zerobss.s(8)
__CALLIRQ__ (callirq.o):
    clock.o                   lynx/clock.s(64)
    tgi_irq.o                 lynx/tgi_irq.s(11)
    ser-kernel.o              serial/ser-kernel.s(33)
__CODE_SIZE__ ([linker generated]):
    defdir.o                  lynx/defdir.s(9)
__CONSTRUCTOR_COUNT__ ([linker generated]):
    condes.o                  runtime/condes.s(18)
__CONSTRUCTOR_TABLE__ ([linker generated]):
    condes.o                  runtime/condes.s(18)
__DATA_SIZE__ ([linker generated]):
    defdir.o                  lynx/defdir.s(9)
__DEFDIR__ (defdir.o):
    [linker generated]        /usr/share/cc65/cfg/lynx.cfg(8)
__DESTRUCTOR_COUNT__ ([linker generated]):
    condes.o                  runtime/condes.s(19)
__DESTRUCTOR_TABLE__ ([linker generated]):
    condes.o                  runtime/condes.s(19)
__EXEHDR__ (exehdr.o):
    [linker generated]        /usr/share/cc65/cfg/lynx.cfg(6)
__INTERRUPTOR_COUNT__ ([linker generated]):
    callirq.o                 runtime/callirq.s(36)
__INTERRUPTOR_TABLE__ ([linker generated]):
    callirq.o                 runtime/callirq.s(36)
__LOWCODE_SIZE__ ([linker generated]):
    defdir.o                  lynx/defdir.s(10)
__MAIN_SIZE__ ([linker generated]):
    crt0.o                    lynx/crt0.s(25)
__MAIN_START__ ([linker generated]):
    defdir.o                  lynx/defdir.s(8)
    crt0.o                    lynx/crt0.s(25)
__ONCE_SIZE__ ([linker generated]):
    defdir.o                  lynx/defdir.s(10)
__RODATA_SIZE__ ([linker generated]):
    defdir.o                  lynx/defdir.s(9)
__STACKSIZE__ ([linker generated]):
    crt0.o                    lynx/crt0.s(25)
    [linker generated]        /usr/share/cc65/cfg/lynx.cfg(15)
__STARTOFDIRECTORY__ ([linker generated]):
    defdir.o                  lynx/defdir.s(7)
    [linker generated]        /usr/share/cc65/cfg/lynx.cfg(13)
__STARTUP_SIZE__ ([linker generated]):
    defdir.o                  lynx/defdir.s(10)
__STARTUP__ (crt0.o):
    main.o                    main.s(13)
__bzero (memset.o):
    input.o                   input.s(572)
    fujinet.o                 fujinet.s(815)
    main.o                    main.s(1750)
    main.o                    main.s(1750)
__clk_tck (clock.o):
    sleep.o                   ../libwrk/lynx/sleep.s(13)
__ctype (ctype.o):
    strlower.o                common/strlower.s(13)
__directerrno (_directerrno.o):
    vsnprintf.o               /build/cc65-cMn3ks/cc65-2.18/asminc/errno.inc(10)
__errno (errno.o):
    _seterrno.o               /build/cc65-cMn3ks/cc65-2.18/asminc/errno.inc(7)
__hextab (_hextab.o):
    ltoa.o                    common/ltoa.s(10)
__iodat (extzp.o):
    crt0.o                    lynx/extzp.inc(11)
    bootldr.o                 lynx/extzp.inc(11)
__iodir (extzp.o):
    crt0.o                    lynx/extzp.inc(12)
__longminstr (_longminstr.o):
    ltoa.o                    common/ltoa.s(10)
__oserror (_oserror.o):
    _directerrno.o            /build/cc65-cMn3ks/cc65-2.18/asminc/errno.inc(7)
__printf (_printf.o):
    vsnprintf.o               common/vsnprintf.s(10)
__seterrno (_seterrno.o):
    _directerrno.o            /build/cc65-cMn3ks/cc65-2.18/asminc/errno.inc(9)
__sprsys (extzp.o):
    lynx-160-102-16-tgi.o     lynx/tgi/../extzp.inc(14)
    crt0.o                    lynx/extzp.inc(14)
__viddma (extzp.o):
    lynx-160-102-16-tgi.o     lynx/tgi/../extzp.inc(13)
    crt0.o                    lynx/extzp.inc(13)
_cgetc (cgetc.o):
    input.o                   input.s(14)
_check_joy_and_keys (input.o):
    main.o                    main.s(56)
_clock (clock.o):
    sleep.o                   ../libwrk/lynx/sleep.s(14)
_display_adapter_config (display.o):
    main.o                    main.s(37)
_display_files (display.o):
    main.o                    main.s(39)
_display_hosts (display.o):
    main.o                    main.s(38)
_draw_box_with_text (display.o):
    input.o                   input.s(23)
    main.o                    main.s(34)
_exit (crt0.o):
    libref.o                  lynx/libref.s(6)
_filenames (display.o):
    main.o                    main.s(33)
_fncfg (fujinet.o):
    display.o                 display.s(30)
_fnio_init (lynxfnio.o):
    main.o                    main.s(59)
_fnio_recv (lynxfnio.o):
    fujinet.o                 fujinet.s(18)
_fnio_send (lynxfnio.o):
    fujinet.o                 fujinet.s(17)
_fujinet_close_directory (fujinet.o):
    main.o                    main.s(52)
_fujinet_get_adapter_config (fujinet.o):
    display.o                 display.s(32)
_fujinet_get_wifi_status (fujinet.o):
    main.o                    main.s(43)
_fujinet_mount_host (fujinet.o):
    main.o                    main.s(49)
_fujinet_open_directory (fujinet.o):
    main.o                    main.s(51)
_fujinet_read_directory_entry (fujinet.o):
    main.o                    main.s(54)
_fujinet_read_host_slots (fujinet.o):
    main.o                    main.s(47)
_fujinet_scan_networks (fujinet.o):
    main.o                    main.s(44)
_fujinet_scan_results (fujinet.o):
    main.o                    main.s(45)
_fujinet_set_directory_position (fujinet.o):
    main.o                    main.s(53)
_fujinet_set_ssid (fujinet.o):
    main.o                    main.s(46)
_fujinet_unmount_host (fujinet.o):
    main.o                    main.s(50)
_fujinet_write_host_slots (fujinet.o):
    main.o                    main.s(48)
_get_input (input.o):
    main.o                    main.s(57)
_get_input_with_title (input.o):
    main.o                    main.s(58)
_host_slots (fujinet.o):
    display.o                 display.s(31)
    main.o                    main.s(42)
_joy_install (joy-kernel.o):
    main.o                    main.s(31)
_joy_read (joy_read.o):
    input.o                   input.s(21)
_joy_static_stddrv (joy_stat_stddrv.o):
    main.o                    main.s(30)
_kbhit (kbhit.o):
    cgetc.o                   lynx/cgetc.s(8)
    input.o                   input.s(13)
_ltoa (ltoa.o):
    _printf.o                 common/_printf.s(12)
_lynx_160_102_16_tgi (lynx-160-102-16-tgi.o):
    tgi_stat_stddrv.o         lynx/tgi_stat_stddrv.s(10)
_lynx_comlynx_ser (lynx-comlynx-ser.o):
    lynxfnio.o                lynxfnio.s(13)
_lynx_stdjoy_joy (lynx-stdjoy-joy.o):
    joy_stat_stddrv.o         lynx/joy_stat_stddrv.s(10)
_main (main.o):
    callmain.o                runtime/callmain.s(11)
_memcpy (memcpy.o):
    vsnprintf.o               common/vsnprintf.s(10)
    fujinet.o                 fujinet.s(15)
    main.o                    main.s(26)
_print_error (display.o):
    main.o                    main.s(36)
_print_key_legend (display.o):
    main.o                    main.s(35)
_s (display.o):
    input.o                   input.s(22)
    main.o                    main.s(32)
_ser_close (ser_close.o):
    lynxfnio.o                lynxfnio.s(16)
_ser_get (ser_get.o):
    lynxfnio.o                lynxfnio.s(17)
_ser_install (ser-kernel.o):
    lynxfnio.o                lynxfnio.s(14)
_ser_open (ser_open.o):
    lynxfnio.o                lynxfnio.s(15)
_ser_put (ser_put.o):
    lynxfnio.o                lynxfnio.s(18)
_sleep (sleep.o):
    main.o                    main.s(29)
_sprintf (sprintf.o):
    input.o                   input.s(20)
    display.o                 display.s(20)
    main.o                    main.s(28)
_ssid_pass (fujinet.o):
    main.o                    main.s(41)
_strcat (strcat.o):
    main.o                    main.s(23)
_strcpy (strcpy.o):
    fujinet.o                 fujinet.s(13)
    main.o                    main.s(24)
_strlen (strlen.o):
    _printf.o                 common/_printf.s(13)
    tgi_gettextwidth.o        tgi/tgi_gettextwidth.s(10)
    input.o                   input.s(18)
    fujinet.o                 fujinet.s(14)
    main.o                    main.s(25)
_strlower (strlower.o):
    _printf.o                 common/_printf.s(13)
_tgi_bar (tgi_bar.o):
    input.o                   input.s(16)
    display.o                 display.s(17)
    main.o                    main.s(19)
_tgi_charwidth (tgi-kernel.o):
    tgi_gettextwidth.o        /build/cc65-cMn3ks/cc65-2.18/asminc/tgi-kernel.inc(126)
_tgi_clear (tgi_clear.o):
    display.o                 display.s(13)
    main.o                    main.s(17)
_tgi_color (tgi-kernel.o):
    tgi_setcolor.o            /build/cc65-cMn3ks/cc65-2.18/asminc/tgi-kernel.inc(120)
_tgi_colorcount (tgi-kernel.o):
    tgi_setcolor.o            /build/cc65-cMn3ks/cc65-2.18/asminc/tgi-kernel.inc(132)
_tgi_curx (tgi-kernel.o):
    tgi_curtoxy.o             /build/cc65-cMn3ks/cc65-2.18/asminc/tgi-kernel.inc(118)
    tgi_vectorchar.o          /build/cc65-cMn3ks/cc65-2.18/asminc/tgi-kernel.inc(118)
    tgi_outtextxy.o           /build/cc65-cMn3ks/cc65-2.18/asminc/tgi-kernel.inc(118)
    tgi_outtext.o             /build/cc65-cMn3ks/cc65-2.18/asminc/tgi-kernel.inc(118)
    tgi_lineto.o              /build/cc65-cMn3ks/cc65-2.18/asminc/tgi-kernel.inc(118)
    tgi_linepop.o             /build/cc65-cMn3ks/cc65-2.18/asminc/tgi-kernel.inc(118)
_tgi_cury (tgi-kernel.o):
    tgi_curtoxy.o             /build/cc65-cMn3ks/cc65-2.18/asminc/tgi-kernel.inc(119)
    tgi_outtextxy.o           /build/cc65-cMn3ks/cc65-2.18/asminc/tgi-kernel.inc(119)
    tgi_linepop.o             /build/cc65-cMn3ks/cc65-2.18/asminc/tgi-kernel.inc(119)
_tgi_done (tgi_done.o):
    tgi_init.o                /build/cc65-cMn3ks/cc65-2.18/asminc/tgi-kernel.inc(193)
    tgi-kernel.o              /build/cc65-cMn3ks/cc65-2.18/asminc/tgi-kernel.inc(193)
_tgi_error (tgi-kernel.o):
    tgi_init.o                /build/cc65-cMn3ks/cc65-2.18/asminc/tgi-kernel.inc(116)
_tgi_flags (tgi-kernel.o):
    tgi_settextstyle.o        /build/cc65-cMn3ks/cc65-2.18/asminc/tgi-kernel.inc(137)
_tgi_font (tgi-kernel.o):
    tgi_gettextwidth.o        /build/cc65-cMn3ks/cc65-2.18/asminc/tgi-kernel.inc(121)
    tgi_settextstyle.o        /build/cc65-cMn3ks/cc65-2.18/asminc/tgi-kernel.inc(121)
    tgi_outtext.o             /build/cc65-cMn3ks/cc65-2.18/asminc/tgi-kernel.inc(121)
_tgi_fontheight (tgi-kernel.o):
    tgi_settextstyle.o        /build/cc65-cMn3ks/cc65-2.18/asminc/tgi-kernel.inc(135)
_tgi_fontwidth (tgi-kernel.o):
    tgi_settextstyle.o        /build/cc65-cMn3ks/cc65-2.18/asminc/tgi-kernel.inc(134)
_tgi_getmaxx (tgi_getmaxx.o):
    tgi_bar.o                 /build/cc65-cMn3ks/cc65-2.18/asminc/tgi-kernel.inc(202)
_tgi_getmaxy (tgi_getmaxy.o):
    tgi_bar.o                 /build/cc65-cMn3ks/cc65-2.18/asminc/tgi-kernel.inc(203)
_tgi_gettextwidth (tgi_gettextwidth.o):
    tgi_outtext.o             /build/cc65-cMn3ks/cc65-2.18/asminc/tgi-kernel.inc(208)
_tgi_getxres (tgi_getxres.o):
    tgi_init.o                /build/cc65-cMn3ks/cc65-2.18/asminc/tgi-kernel.inc(209)
_tgi_getyres (tgi_getyres.o):
    tgi_init.o                /build/cc65-cMn3ks/cc65-2.18/asminc/tgi-kernel.inc(210)
_tgi_gmode (tgi-kernel.o):
    tgi_init.o                /build/cc65-cMn3ks/cc65-2.18/asminc/tgi-kernel.inc(117)
    tgi_done.o                /build/cc65-cMn3ks/cc65-2.18/asminc/tgi-kernel.inc(117)
_tgi_init (tgi_init.o):
    main.o                    main.s(16)
_tgi_install (tgi-kernel.o):
    main.o                    main.s(15)
_tgi_ioctl (tgi_ioctl.o):
    display.o                 display.s(19)
    main.o                    main.s(22)
_tgi_line (tgi_line.o):
    display.o                 display.s(15)
_tgi_lineto (tgi_lineto.o):
    display.o                 display.s(16)
_tgi_outtext (tgi_outtext.o):
    tgi_outtextxy.o           /build/cc65-cMn3ks/cc65-2.18/asminc/tgi-kernel.inc(220)
    main.o                    main.s(20)
_tgi_outtextxy (tgi_outtextxy.o):
    input.o                   input.s(17)
    display.o                 display.s(18)
    main.o                    main.s(21)
_tgi_setcolor (tgi_setcolor.o):
    tgi_init.o                /build/cc65-cMn3ks/cc65-2.18/asminc/tgi-kernel.inc(224)
    input.o                   input.s(15)
    display.o                 display.s(14)
    main.o                    main.s(18)
_tgi_settextstyle (tgi_settextstyle.o):
    tgi_init.o                /build/cc65-cMn3ks/cc65-2.18/asminc/tgi-kernel.inc(230)
_tgi_static_stddrv (tgi_stat_stddrv.o):
    main.o                    main.s(14)
_tgi_textdir (tgi-kernel.o):
    tgi_vectorchar.o          /build/cc65-cMn3ks/cc65-2.18/asminc/tgi-kernel.inc(122)
    tgi_settextstyle.o        /build/cc65-cMn3ks/cc65-2.18/asminc/tgi-kernel.inc(122)
    tgi_outtext.o             /build/cc65-cMn3ks/cc65-2.18/asminc/tgi-kernel.inc(122)
_tgi_textscaleh (tgi-kernel.o):
    tgi_vectorchar.o          /build/cc65-cMn3ks/cc65-2.18/asminc/tgi-kernel.inc(125)
_tgi_textscalew (tgi-kernel.o):
    tgi_gettextwidth.o        /build/cc65-cMn3ks/cc65-2.18/asminc/tgi-kernel.inc(124)
    tgi_vectorchar.o          /build/cc65-cMn3ks/cc65-2.18/asminc/tgi-kernel.inc(124)
    tgi_settextstyle.o        /build/cc65-cMn3ks/cc65-2.18/asminc/tgi-kernel.inc(124)
    tgi_outtext.o             /build/cc65-cMn3ks/cc65-2.18/asminc/tgi-kernel.inc(124)
_tgi_vectorchar (tgi_vectorchar.o):
    tgi_outtext.o             /build/cc65-cMn3ks/cc65-2.18/asminc/tgi-vectorfont.inc(67)
_tgi_vectorfont (tgi-kernel.o):
    tgi_gettextwidth.o        /build/cc65-cMn3ks/cc65-2.18/asminc/tgi-kernel.inc(123)
    tgi_vectorchar.o          /build/cc65-cMn3ks/cc65-2.18/asminc/tgi-kernel.inc(123)
    tgi_outtext.o             /build/cc65-cMn3ks/cc65-2.18/asminc/tgi-kernel.inc(123)
_tgi_xmax (tgi-kernel.o):
    tgi_clippedline.o         /build/cc65-cMn3ks/cc65-2.18/asminc/tgi-kernel.inc(130)
    tgi_init.o                /build/cc65-cMn3ks/cc65-2.18/asminc/tgi-kernel.inc(130)
    tgi_getmaxx.o             /build/cc65-cMn3ks/cc65-2.18/asminc/tgi-kernel.inc(130)
_tgi_xres (tgi-kernel.o):
    tgi_getxres.o             /build/cc65-cMn3ks/cc65-2.18/asminc/tgi-kernel.inc(128)
    tgi_outcode.o             /build/cc65-cMn3ks/cc65-2.18/asminc/tgi-kernel.inc(128)
    tgi_bar.o                 /build/cc65-cMn3ks/cc65-2.18/asminc/tgi-kernel.inc(128)
_tgi_ymax (tgi-kernel.o):
    tgi_clippedline.o         /build/cc65-cMn3ks/cc65-2.18/asminc/tgi-kernel.inc(131)
    tgi_init.o                /build/cc65-cMn3ks/cc65-2.18/asminc/tgi-kernel.inc(131)
    tgi_getmaxy.o             /build/cc65-cMn3ks/cc65-2.18/asminc/tgi-kernel.inc(131)
_tgi_yres (tgi-kernel.o):
    tgi_getyres.o             /build/cc65-cMn3ks/cc65-2.18/asminc/tgi-kernel.inc(129)
    tgi_outcode.o             /build/cc65-cMn3ks/cc65-2.18/asminc/tgi-kernel.inc(129)
    tgi_bar.o                 /build/cc65-cMn3ks/cc65-2.18/asminc/tgi-kernel.inc(129)
_toascii (toascii.o):
    tgi_gettextwidth.o        tgi/tgi_gettextwidth.s(10)
    tgi_outtext.o             tgi/tgi_outtext.s(12)
_ultoa (ltoa.o):
    _printf.o                 common/_printf.s(12)
_vsprintf (vsprintf.o):
    sprintf.o                 common/sprintf.s(8)
_wait_for_button (input.o):
    display.o                 display.s(29)
    main.o                    main.s(55)
_wifi (fujinet.o):
    main.o                    main.s(40)
addeqysp (addeqsp.o):
    display.o                 display.s(733)
    lynxfnio.o                lynxfnio.s(465)
    lynxfnio.o                lynxfnio.s(465)
    lynxfnio.o                lynxfnio.s(465)
    main.o                    main.s(1750)
addysp (addysp.o):
    sprintf.o                 common/sprintf.s(8)
    incsp7.o                  runtime/incsp7.s(8)
    incsp6.o                  runtime/incsp6.s(8)
    incsp5.o                  runtime/incsp5.s(8)
    incsp4.o                  runtime/incsp4.s(8)
    incsp3.o                  runtime/incsp3.s(8)
    input.o                   input.s(572)
    display.o                 display.s(733)
    main.o                    main.s(1750)
    main.o                    main.s(1750)
    main.o                    main.s(1750)
addysp1 (addysp.o):
    lsub.o                    runtime/lsub.s(11)
    lmul.o                    runtime/lmul.s(9)
    ladd.o                    runtime/ladd.s(8)
    xor.o                     runtime/xor.s(9)
    tgi_outtextxy.o           tgi/tgi_outtextxy.s(10)
    or.o                      runtime/or.s(9)
aslax1 (aslax1.o):
    display.o                 display.s(733)
    main.o                    main.s(1750)
aslax2 (aslax2.o):
    display.o                 display.s(733)
    main.o                    main.s(1750)
    main.o                    main.s(1750)
aslax4 (aslax4.o):
    display.o                 display.s(733)
    display.o                 display.s(733)
    main.o                    main.s(1750)
    main.o                    main.s(1750)
    main.o                    main.s(1750)
axlong (axlong.o):
    _printf.o                 common/_printf.s(11)
axulong (axlong.o):
    _printf.o                 common/_printf.s(11)
    sleep.o                   ../libwrk/lynx/sleep.s(54)
bnega (bneg.o):
    display.o                 display.s(733)
    main.o                    main.s(1750)
    main.o                    main.s(1750)
    main.o                    main.s(1750)
    main.o                    main.s(1750)
    main.o                    main.s(1750)
    main.o                    main.s(1750)
    main.o                    main.s(1750)
    main.o                    main.s(1750)
booleq (makebool.o):
    eq.o                      runtime/eq.s(8)
    input.o                   input.s(572)
    lynxfnio.o                lynxfnio.s(465)
    lynxfnio.o                lynxfnio.s(465)
    lynxfnio.o                lynxfnio.s(465)
    fujinet.o                 fujinet.s(815)
    fujinet.o                 fujinet.s(815)
    fujinet.o                 fujinet.s(815)
    main.o                    main.s(1750)
    main.o                    main.s(1750)
    main.o                    main.s(1750)
    main.o                    main.s(1750)
    main.o                    main.s(1750)
boolge (makebool.o):
    lge.o                     runtime/lge.s(8)
boolne (makebool.o):
    ne.o                      runtime/ne.s(8)
    input.o                   input.s(572)
    fujinet.o                 fujinet.s(815)
    main.o                    main.s(1750)
    main.o                    main.s(1750)
    main.o                    main.s(1750)
    main.o                    main.s(1750)
boolugt (makebool.o):
    ugt.o                     runtime/ugt.s(8)
boolult (makebool.o):
    ult.o                     runtime/ult.s(8)
    display.o                 display.s(733)
    display.o                 display.s(733)
    fujinet.o                 fujinet.s(815)
    fujinet.o                 fujinet.s(815)
    main.o                    main.s(1750)
    main.o                    main.s(1750)
    main.o                    main.s(1750)
    main.o                    main.s(1750)
    main.o                    main.s(1750)
callirq (callirq.o):
    irq.o                     lynx/irq.s(6)
callmain (callmain.o):
    crt0.o                    lynx/crt0.s(23)
decax1 (decax1.o):
    tgi_init.o                tgi/tgi_init.s(11)
    input.o                   input.s(572)
    main.o                    main.s(1750)
    main.o                    main.s(1750)
decax2 (decax2.o):
    input.o                   input.s(572)
    main.o                    main.s(1750)
decax4 (decax4.o):
    display.o                 display.s(733)
decsp1 (decsp1.o):
    input.o                   input.s(572)
    display.o                 display.s(733)
    display.o                 display.s(733)
    fujinet.o                 fujinet.s(815)
    fujinet.o                 fujinet.s(815)
    fujinet.o                 fujinet.s(815)
    fujinet.o                 fujinet.s(815)
    fujinet.o                 fujinet.s(815)
    fujinet.o                 fujinet.s(815)
    fujinet.o                 fujinet.s(815)
    fujinet.o                 fujinet.s(815)
    fujinet.o                 fujinet.s(815)
    fujinet.o                 fujinet.s(815)
    fujinet.o                 fujinet.s(815)
    fujinet.o                 fujinet.s(815)
    fujinet.o                 fujinet.s(815)
    main.o                    main.s(1750)
    main.o                    main.s(1750)
    main.o                    main.s(1750)
decsp2 (decsp2.o):
    input.o                   input.s(572)
    display.o                 display.s(733)
    lynxfnio.o                lynxfnio.s(465)
    lynxfnio.o                lynxfnio.s(465)
    lynxfnio.o                lynxfnio.s(465)
    fujinet.o                 fujinet.s(815)
    fujinet.o                 fujinet.s(815)
    fujinet.o                 fujinet.s(815)
    fujinet.o                 fujinet.s(815)
    main.o                    main.s(1750)
    main.o                    main.s(1750)
    main.o                    main.s(1750)
decsp4 (decsp4.o):
    lpush.o                   runtime/lpush.s(12)
    sprintf.o                 common/sprintf.s(8)
    input.o                   input.s(572)
decsp5 (decsp5.o):
    lynxfnio.o                lynxfnio.s(465)
decsp6 (decsp6.o):
    _printf.o                 common/_printf.s(11)
doneirq (irq.o):
    callirq.o                 runtime/callirq.s(38)
donelib (condes.o):
    crt0.o                    lynx/crt0.s(21)
imul16x16r32 (imul16x16r32.o):
    tgi_imulround.o           tgi/tgi_imulround.s(14)
incax3 (incax3.o):
    fujinet.o                 fujinet.s(815)
incax4 (incaxy.o):
    display.o                 display.s(733)
    lynxfnio.o                lynxfnio.s(465)
incax7 (incax7.o):
    input.o                   input.s(572)
incax8 (incax8.o):
    input.o                   input.s(572)
    input.o                   input.s(572)
    display.o                 display.s(733)
    display.o                 display.s(733)
    display.o                 display.s(733)
    main.o                    main.s(1750)
incaxy (incaxy.o):
    incax8.o                  runtime/incax8.s(8)
    incax7.o                  runtime/incax7.s(8)
    incax3.o                  runtime/incax3.s(8)
    input.o                   input.s(572)
    main.o                    main.s(1750)
incsp1 (incsp1.o):
    display.o                 display.s(733)
    lynxfnio.o                lynxfnio.s(465)
    fujinet.o                 fujinet.s(815)
    fujinet.o                 fujinet.s(815)
    fujinet.o                 fujinet.s(815)
    fujinet.o                 fujinet.s(815)
    main.o                    main.s(1750)
    main.o                    main.s(1750)
incsp2 (incsp2.o):
    vsnprintf.o               common/vsnprintf.s(9)
    staxspi.o                 runtime/staxspi.s(9)
    staspidx.o                runtime/staspidx.s(8)
    popptr1.o                 runtime/popptr1.s(8)
    input.o                   input.s(572)
    input.o                   input.s(572)
    display.o                 display.s(733)
    display.o                 display.s(733)
    display.o                 display.s(733)
    fujinet.o                 fujinet.s(815)
    fujinet.o                 fujinet.s(815)
    fujinet.o                 fujinet.s(815)
    fujinet.o                 fujinet.s(815)
    fujinet.o                 fujinet.s(815)
    main.o                    main.s(1750)
    main.o                    main.s(1750)
    main.o                    main.s(1750)
incsp3 (incsp3.o):
    display.o                 display.s(733)
    fujinet.o                 fujinet.s(815)
    fujinet.o                 fujinet.s(815)
    fujinet.o                 fujinet.s(815)
incsp4 (incsp4.o):
    lcmp.o                    runtime/lcmp.s(9)
    fujinet.o                 fujinet.s(815)
    fujinet.o                 fujinet.s(815)
    fujinet.o                 fujinet.s(815)
incsp5 (incsp5.o):
    lynxfnio.o                lynxfnio.s(465)
    fujinet.o                 fujinet.s(815)
    main.o                    main.s(1750)
incsp6 (incsp6.o):
    vsnprintf.o               common/vsnprintf.s(9)
    sleep.o                   ../libwrk/lynx/sleep.s(54)
    lynxfnio.o                lynxfnio.s(465)
    fujinet.o                 fujinet.s(815)
incsp7 (incsp7.o):
    input.o                   input.s(572)
    lynxfnio.o                lynxfnio.s(465)
    lynxfnio.o                lynxfnio.s(465)
initirq (irq.o):
    callirq.o                 runtime/callirq.s(37)
initlib (condes.o):
    crt0.o                    lynx/crt0.s(21)
joy_libref (libref.o):
    joy-kernel.o              joystick/joy-kernel.s(7)
joy_read (joy-kernel.o):
    joy_read.o                /build/cc65-cMn3ks/cc65-2.18/asminc/joy-kernel.inc(71)
ldauidx (ldaui.o):
    input.o                   input.s(572)
    input.o                   input.s(572)
    lynxfnio.o                lynxfnio.s(465)
    lynxfnio.o                lynxfnio.s(465)
    main.o                    main.s(1750)
    main.o                    main.s(1750)
    main.o                    main.s(1750)
    main.o                    main.s(1750)
    main.o                    main.s(1750)
ldaxidx (ldaxi.o):
    lynxfnio.o                lynxfnio.s(465)
ldaxysp (ldaxsp.o):
    vsnprintf.o               common/vsnprintf.s(9)
    sleep.o                   ../libwrk/lynx/sleep.s(54)
    input.o                   input.s(572)
    input.o                   input.s(572)
    input.o                   input.s(572)
    input.o                   input.s(572)
    display.o                 display.s(733)
    display.o                 display.s(733)
    display.o                 display.s(733)
    display.o                 display.s(733)
    lynxfnio.o                lynxfnio.s(465)
    lynxfnio.o                lynxfnio.s(465)
    lynxfnio.o                lynxfnio.s(465)
    fujinet.o                 fujinet.s(815)
    fujinet.o                 fujinet.s(815)
    fujinet.o                 fujinet.s(815)
    fujinet.o                 fujinet.s(815)
    fujinet.o                 fujinet.s(815)
    fujinet.o                 fujinet.s(815)
    fujinet.o                 fujinet.s(815)
    fujinet.o                 fujinet.s(815)
    main.o                    main.s(1750)
    main.o                    main.s(1750)
ldeax0sp (ldeaxysp.o):
    sleep.o                   ../libwrk/lynx/sleep.s(54)
leaa0sp (leaaxsp.o):
    fujinet.o                 fujinet.s(815)
    fujinet.o                 fujinet.s(815)
    main.o                    main.s(1750)
    main.o                    main.s(1750)
    main.o                    main.s(1750)
mul8x16 (mul8.o):
    mul.o                     runtime/mul.s(8)
mul8x16a (mul8.o):
    mul.o                     runtime/mul.s(8)
negax (negabs.o):
    imul16x16r32.o            runtime/imul16x16r32.s(8)
    tgi_clippedline.o         tgi/tgi_clippedline.s(9)
    tgi_outtext.o             tgi/tgi_outtext.s(13)
negeax (lneg.o):
    ltoa.o                    common/ltoa.s(9)
    imul16x16r32.o            runtime/imul16x16r32.s(8)
popa (popa.o):
    tgi_settextstyle.o        tgi/tgi_settextstyle.s(10)
    tgi_ioctl.o               tgi/tgi_ioctl.s(13)
popax (incsp2.o):
    ltoa.o                    common/ltoa.s(9)
    _printf.o                 common/_printf.s(11)
    vsnprintf.o               common/vsnprintf.s(9)
    tgi_imulround.o           tgi/tgi_imulround.s(14)
    tgi_settextstyle.o        tgi/tgi_settextstyle.s(10)
    tgi_linepop.o             tgi/tgi_linepop.s(9)
    tgi_line.o                tgi/tgi_line.s(10)
    tgi_bar.o                 tgi/tgi_bar.s(11)
    strcpy.o                  common/strcpy.s(8)
    strcat.o                  common/strcat.s(9)
    memset.o                  common/memset.s(19)
    memcpy.o                  common/memcpy.s(14)
popptr1 (popptr1.o):
    ltoa.o                    common/ltoa.s(9)
    tgi_bar.o                 tgi/tgi_bar.s(11)
    mul8.o                    runtime/mul8.s(9)
    mul.o                     runtime/mul.s(9)
    memcpy.o                  common/memcpy.s(14)
ptr1 (zeropage.o):
    strlower.o                common/strlower.s(14)
    ltoa.o                    common/ltoa.s(11)
    lcmp.o                    runtime/lcmp.s(10)
    imul16x16r32.o            /build/cc65-cMn3ks/cc65-2.18/asminc/zeropage.inc(12)
    _printf.o                 /build/cc65-cMn3ks/cc65-2.18/asminc/zeropage.inc(12)
    vsnprintf.o               common/vsnprintf.s(11)
    umul16x16r32.o            /build/cc65-cMn3ks/cc65-2.18/asminc/zeropage.inc(12)
    udiv32by16r16.o           /build/cc65-cMn3ks/cc65-2.18/asminc/zeropage.inc(12)
    tgi_imulround.o           /build/cc65-cMn3ks/cc65-2.18/asminc/zeropage.inc(12)
    tgi_gettextwidth.o        /build/cc65-cMn3ks/cc65-2.18/asminc/zeropage.inc(12)
    tgi_curtoxy.o             tgi/tgi_curtoxy.s(9)
    tgi_clippedline.o         /build/cc65-cMn3ks/cc65-2.18/asminc/zeropage.inc(12)
    lmul.o                    runtime/lmul.s(10)
    lynx-160-102-16-tgi.o     /build/cc65-cMn3ks/cc65-2.18/asminc/zeropage.inc(12)
    lynx-comlynx-ser.o        /build/cc65-cMn3ks/cc65-2.18/asminc/zeropage.inc(12)
    zerobss.o                 common/zerobss.s(9)
    umul8x16r24.o             /build/cc65-cMn3ks/cc65-2.18/asminc/zeropage.inc(12)
    tgi_vectorchar.o          /build/cc65-cMn3ks/cc65-2.18/asminc/zeropage.inc(12)
    tgi_settextstyle.o        /build/cc65-cMn3ks/cc65-2.18/asminc/zeropage.inc(12)
    tgi_outtext.o             /build/cc65-cMn3ks/cc65-2.18/asminc/zeropage.inc(12)
    tgi_ioctl.o               tgi/tgi_ioctl.s(14)
    tgi_init.o                tgi/tgi_init.s(12)
    tgi_bar.o                 tgi/tgi_bar.s(10)
    tgi-kernel.o              tgi/tgi-kernel.s(8)
    strcpy.o                  common/strcpy.s(9)
    strcat.o                  common/strcat.s(10)
    staxspi.o                 runtime/staxspi.s(10)
    staspidx.o                runtime/staspidx.s(9)
    sprintf.o                 common/sprintf.s(9)
    ser_open.o                serial/ser_open.s(9)
    ser_get.o                 serial/ser_get.s(10)
    ser-kernel.o              serial/ser-kernel.s(8)
    popptr1.o                 runtime/popptr1.s(9)
    mul8.o                    runtime/mul8.s(10)
    mul.o                     runtime/mul.s(10)
    memset.o                  common/memset.s(20)
    memcpy.o                  common/memcpy.s(15)
    ldaxi.o                   runtime/ldaxi.s(8)
    ldaui.o                   runtime/ldaui.s(8)
    joy-kernel.o              joystick/joy-kernel.s(8)
ptr2 (zeropage.o):
    strlower.o                common/strlower.s(14)
    ltoa.o                    common/ltoa.s(11)
    _printf.o                 /build/cc65-cMn3ks/cc65-2.18/asminc/zeropage.inc(12)
    udiv32by16r16.o           /build/cc65-cMn3ks/cc65-2.18/asminc/zeropage.inc(12)
    tgi_gettextwidth.o        /build/cc65-cMn3ks/cc65-2.18/asminc/zeropage.inc(12)
    tgi_curtoxy.o             tgi/tgi_curtoxy.s(9)
    tgi_clippedline.o         /build/cc65-cMn3ks/cc65-2.18/asminc/zeropage.inc(12)
    lynx-160-102-16-tgi.o     /build/cc65-cMn3ks/cc65-2.18/asminc/zeropage.inc(12)
    tgi_bar.o                 tgi/tgi_bar.s(10)
    strlen.o                  common/strlen.s(12)
    strcpy.o                  common/strcpy.s(9)
    strcat.o                  common/strcat.s(10)
    memset.o                  common/memset.s(20)
    memcpy.o                  common/memcpy.s(15)
ptr3 (zeropage.o):
    ltoa.o                    common/ltoa.s(11)
    imul16x16r32.o            /build/cc65-cMn3ks/cc65-2.18/asminc/zeropage.inc(12)
    umul16x16r32.o            /build/cc65-cMn3ks/cc65-2.18/asminc/zeropage.inc(12)
    udiv32by16r16.o           /build/cc65-cMn3ks/cc65-2.18/asminc/zeropage.inc(12)
    tgi_gettextwidth.o        /build/cc65-cMn3ks/cc65-2.18/asminc/zeropage.inc(12)
    lmul.o                    runtime/lmul.s(10)
    lynx-160-102-16-tgi.o     /build/cc65-cMn3ks/cc65-2.18/asminc/zeropage.inc(12)
    umul8x16r24.o             /build/cc65-cMn3ks/cc65-2.18/asminc/zeropage.inc(12)
    tgi_outtext.o             /build/cc65-cMn3ks/cc65-2.18/asminc/zeropage.inc(12)
    tgi_bar.o                 tgi/tgi_bar.s(10)
    memset.o                  common/memset.s(20)
    memcpy.o                  common/memcpy.s(15)
ptr4 (zeropage.o):
    lmul.o                    runtime/lmul.s(10)
    lynx-160-102-16-tgi.o     /build/cc65-cMn3ks/cc65-2.18/asminc/zeropage.inc(12)
    tgi_bar.o                 tgi/tgi_bar.s(10)
    mul8.o                    runtime/mul8.s(10)
    mul.o                     runtime/mul.s(10)
push1 (push1.o):
    _printf.o                 common/_printf.s(11)
pusha (pusha.o):
    tgi_init.o                tgi/tgi_init.s(11)
    input.o                   input.s(572)
    display.o                 display.s(733)
    display.o                 display.s(733)
    display.o                 display.s(733)
    lynxfnio.o                lynxfnio.s(465)
    fujinet.o                 fujinet.s(815)
    fujinet.o                 fujinet.s(815)
    fujinet.o                 fujinet.s(815)
    fujinet.o                 fujinet.s(815)
    fujinet.o                 fujinet.s(815)
    main.o                    main.s(1750)
    main.o                    main.s(1750)
    main.o                    main.s(1750)
    main.o                    main.s(1750)
    main.o                    main.s(1750)
    main.o                    main.s(1750)
pusha0 (pushax.o):
    push1.o                   runtime/push1.s(8)
pushax (pushax.o):
    _printf.o                 common/_printf.s(11)
    callmain.o                runtime/callmain.s(11)
    tgi_init.o                tgi/tgi_init.s(11)
    sleep.o                   ../libwrk/lynx/sleep.s(54)
    input.o                   input.s(572)
    input.o                   input.s(572)
    input.o                   input.s(572)
    input.o                   input.s(572)
    display.o                 display.s(733)
    display.o                 display.s(733)
    display.o                 display.s(733)
    display.o                 display.s(733)
    display.o                 display.s(733)
    display.o                 display.s(733)
    lynxfnio.o                lynxfnio.s(465)
    lynxfnio.o                lynxfnio.s(465)
    lynxfnio.o                lynxfnio.s(465)
    fujinet.o                 fujinet.s(815)
    fujinet.o                 fujinet.s(815)
    fujinet.o                 fujinet.s(815)
    fujinet.o                 fujinet.s(815)
    fujinet.o                 fujinet.s(815)
    fujinet.o                 fujinet.s(815)
    fujinet.o                 fujinet.s(815)
    fujinet.o                 fujinet.s(815)
    fujinet.o                 fujinet.s(815)
    fujinet.o                 fujinet.s(815)
    fujinet.o                 fujinet.s(815)
    fujinet.o                 fujinet.s(815)
    fujinet.o                 fujinet.s(815)
    fujinet.o                 fujinet.s(815)
    main.o                    main.s(1750)
    main.o                    main.s(1750)
    main.o                    main.s(1750)
    main.o                    main.s(1750)
    main.o                    main.s(1750)
    main.o                    main.s(1750)
    main.o                    main.s(1750)
pusheax (lpush.o):
    _printf.o                 common/_printf.s(11)
    sleep.o                   ../libwrk/lynx/sleep.s(54)
pushw0sp (pushwsp.o):
    vsprintf.o                common/vsprintf.s(8)
regbank (zeropage.o):
    _printf.o                 /build/cc65-cMn3ks/cc65-2.18/asminc/zeropage.inc(14)
    tgi_vectorchar.o          /build/cc65-cMn3ks/cc65-2.18/asminc/zeropage.inc(14)
    tgi_outtext.o             /build/cc65-cMn3ks/cc65-2.18/asminc/zeropage.inc(14)
return0 (return0.o):
    ult.o                     runtime/ult.s(8)
    ser-kernel.o              serial/ser-kernel.s(7)
return1 (return1.o):
    kbhit.o                   lynx/kbhit.s(10)
ser_close (ser-kernel.o):
    ser_close.o               /build/cc65-cMn3ks/cc65-2.18/asminc/ser-kernel.inc(141)
ser_get (ser-kernel.o):
    ser_get.o                 /build/cc65-cMn3ks/cc65-2.18/asminc/ser-kernel.inc(142)
ser_libref (libref.o):
    ser-kernel.o              serial/ser-kernel.s(7)
ser_open (ser-kernel.o):
    ser_open.o                /build/cc65-cMn3ks/cc65-2.18/asminc/ser-kernel.inc(140)
ser_put (ser-kernel.o):
    ser_put.o                 /build/cc65-cMn3ks/cc65-2.18/asminc/ser-kernel.inc(143)
shlax3 (aslax3.o):
    input.o                   input.s(572)
    display.o                 display.s(733)
    display.o                 display.s(733)
    main.o                    main.s(1750)
    main.o                    main.s(1750)
sp (zeropage.o):
    lcmp.o                    runtime/lcmp.s(10)
    decsp6.o                  runtime/decsp6.s(8)
    _printf.o                 /build/cc65-cMn3ks/cc65-2.18/asminc/zeropage.inc(11)
    vsnprintf.o               common/vsnprintf.s(11)
    pushwsp.o                 runtime/pushwsp.s(8)
    popa.o                    runtime/popa.s(8)
    lsub.o                    runtime/lsub.s(12)
    lpush.o                   runtime/lpush.s(13)
    lmul.o                    runtime/lmul.s(10)
    ldeaxysp.o                runtime/ldeaxysp.s(12)
    ladd.o                    runtime/ladd.s(9)
    xor.o                     runtime/xor.s(10)
    tgi_outtextxy.o           tgi/tgi_outtextxy.s(11)
    subysp.o                  runtime/subysp.s(9)
    subeqsp.o                 runtime/subeqsp.s(8)
    staxspi.o                 runtime/staxspi.s(10)
    staxsp.o                  runtime/staxsp.s(8)
    staspidx.o                runtime/staspidx.s(9)
    sprintf.o                 common/sprintf.s(9)
    pushax.o                  runtime/pushax.s(8)
    pusha.o                   runtime/pusha.s(8)
    popptr1.o                 runtime/popptr1.s(9)
    or.o                      runtime/or.s(10)
    memset.o                  common/memset.s(20)
    memcpy.o                  common/memcpy.s(15)
    leaaxsp.o                 runtime/leaaxsp.s(8)
    ldaxsp.o                  runtime/ldaxsp.s(8)
    incsp2.o                  runtime/incsp2.s(8)
    incsp1.o                  runtime/incsp1.s(8)
    icmp.o                    runtime/icmp.s(9)
    decsp5.o                  runtime/decsp5.s(8)
    decsp4.o                  runtime/decsp4.s(8)
    decsp2.o                  runtime/decsp2.s(8)
    decsp1.o                  runtime/decsp1.s(8)
    crt0.o                    /build/cc65-cMn3ks/cc65-2.18/asminc/zeropage.inc(11)
    addysp.o                  runtime/addysp.s(8)
    addeqsp.o                 runtime/addeqsp.s(8)
    add.o                     runtime/add.s(12)
    input.o                   input.s(10)
    display.o                 display.s(10)
    lynxfnio.o                lynxfnio.s(10)
    fujinet.o                 fujinet.s(10)
    main.o                    main.s(10)
sreg (zeropage.o):
    ltoa.o                    common/ltoa.s(11)
    lneg.o                    runtime/lneg.s(11)
    lcmp.o                    runtime/lcmp.s(10)
    _printf.o                 /build/cc65-cMn3ks/cc65-2.18/asminc/zeropage.inc(11)
    umul16x16r32.o            /build/cc65-cMn3ks/cc65-2.18/asminc/zeropage.inc(11)
    udiv32by16r16.o           /build/cc65-cMn3ks/cc65-2.18/asminc/zeropage.inc(11)
    tgi_imulround.o           /build/cc65-cMn3ks/cc65-2.18/asminc/zeropage.inc(11)
    tgi_clippedline.o         /build/cc65-cMn3ks/cc65-2.18/asminc/zeropage.inc(11)
    lsub.o                    runtime/lsub.s(12)
    lpush.o                   runtime/lpush.s(13)
    lmul.o                    runtime/lmul.s(10)
    ldeaxysp.o                runtime/ldeaxysp.s(12)
    ladd.o                    runtime/ladd.s(9)
    clock.o                   lynx/clock.s(20)
    axlong.o                  runtime/axlong.s(9)
    umul8x16r24.o             /build/cc65-cMn3ks/cc65-2.18/asminc/zeropage.inc(11)
    sleep.o                   ../libwrk/lynx/sleep.s(10)
    icmp.o                    runtime/icmp.s(9)
staspidx (staspidx.o):
    input.o                   input.s(572)
    input.o                   input.s(572)
    lynxfnio.o                lynxfnio.s(465)
    main.o                    main.s(1750)
    main.o                    main.s(1750)
    main.o                    main.s(1750)
staxspidx (staxspi.o):
    lynxfnio.o                lynxfnio.s(465)
staxysp (staxsp.o):
    vsprintf.o                common/vsprintf.s(8)
    input.o                   input.s(572)
    display.o                 display.s(733)
    lynxfnio.o                lynxfnio.s(465)
    lynxfnio.o                lynxfnio.s(465)
    lynxfnio.o                lynxfnio.s(465)
    main.o                    main.s(1750)
subeqysp (subeqsp.o):
    main.o                    main.s(1750)
subysp (subysp.o):
    main.o                    main.s(1750)
    main.o                    main.s(1750)
    main.o                    main.s(1750)
tgi_bar (tgi-kernel.o):
    tgi_bar.o                 /build/cc65-cMn3ks/cc65-2.18/asminc/tgi-kernel.inc(166)
tgi_clear (tgi-kernel.o):
    tgi_clear.o               /build/cc65-cMn3ks/cc65-2.18/asminc/tgi-kernel.inc(156)
tgi_clip_x1 (tgi_outcode.o):
    tgi_clippedline.o         /build/cc65-cMn3ks/cc65-2.18/asminc/tgi-kernel.inc(142)
    tgi_vectorchar.o          /build/cc65-cMn3ks/cc65-2.18/asminc/tgi-kernel.inc(142)
    tgi_lineto.o              /build/cc65-cMn3ks/cc65-2.18/asminc/tgi-kernel.inc(142)
    tgi_line.o                /build/cc65-cMn3ks/cc65-2.18/asminc/tgi-kernel.inc(142)
tgi_clip_x2 (tgi_outcode.o):
    tgi_clippedline.o         /build/cc65-cMn3ks/cc65-2.18/asminc/tgi-kernel.inc(144)
    tgi_linepop.o             /build/cc65-cMn3ks/cc65-2.18/asminc/tgi-kernel.inc(144)
tgi_clip_y1 (tgi_outcode.o):
    tgi_clippedline.o         /build/cc65-cMn3ks/cc65-2.18/asminc/tgi-kernel.inc(143)
    tgi_line.o                /build/cc65-cMn3ks/cc65-2.18/asminc/tgi-kernel.inc(143)
tgi_clip_y2 (tgi_outcode.o):
    tgi_clippedline.o         /build/cc65-cMn3ks/cc65-2.18/asminc/tgi-kernel.inc(145)
    tgi_linepop.o             /build/cc65-cMn3ks/cc65-2.18/asminc/tgi-kernel.inc(145)
tgi_clippedline (tgi_clippedline.o):
    tgi_vectorchar.o          /build/cc65-cMn3ks/cc65-2.18/asminc/tgi-kernel.inc(174)
    tgi_lineto.o              /build/cc65-cMn3ks/cc65-2.18/asminc/tgi-kernel.inc(174)
    tgi_line.o                /build/cc65-cMn3ks/cc65-2.18/asminc/tgi-kernel.inc(174)
tgi_color_white (tgi_colors.o):
    tgi_init.o                /build/cc65-cMn3ks/cc65-2.18/asminc/tgi-kernel.inc(110)
tgi_control (tgi-kernel.o):
    tgi_ioctl.o               /build/cc65-cMn3ks/cc65-2.18/asminc/tgi-kernel.inc(155)
tgi_curtoxy (tgi_curtoxy.o):
    tgi_outtext.o             /build/cc65-cMn3ks/cc65-2.18/asminc/tgi-kernel.inc(175)
tgi_done (tgi-kernel.o):
    tgi_done.o                /build/cc65-cMn3ks/cc65-2.18/asminc/tgi-kernel.inc(153)
tgi_getdefpalette (tgi-kernel.o):
    tgi_init.o                /build/cc65-cMn3ks/cc65-2.18/asminc/tgi-kernel.inc(162)
tgi_geterror (tgi-kernel.o):
    tgi_init.o                /build/cc65-cMn3ks/cc65-2.18/asminc/tgi-kernel.inc(154)
tgi_imulround (tgi_imulround.o):
    tgi_gettextwidth.o        /build/cc65-cMn3ks/cc65-2.18/asminc/tgi-kernel.inc(177)
    tgi_vectorchar.o          /build/cc65-cMn3ks/cc65-2.18/asminc/tgi-kernel.inc(177)
    tgi_outtext.o             /build/cc65-cMn3ks/cc65-2.18/asminc/tgi-kernel.inc(177)
tgi_init (tgi-kernel.o):
    tgi_init.o                /build/cc65-cMn3ks/cc65-2.18/asminc/tgi-kernel.inc(152)
tgi_inv_arg (tgi-kernel.o):
    tgi_setcolor.o            /build/cc65-cMn3ks/cc65-2.18/asminc/tgi-kernel.inc(178)
tgi_libref (tgi_irq.o):
    tgi-kernel.o              tgi/tgi-kernel.s(7)
tgi_line (tgi-kernel.o):
    tgi_clippedline.o         /build/cc65-cMn3ks/cc65-2.18/asminc/tgi-kernel.inc(165)
tgi_linepop (tgi_linepop.o):
    tgi_lineto.o              /build/cc65-cMn3ks/cc65-2.18/asminc/tgi-kernel.inc(180)
    tgi_line.o                /build/cc65-cMn3ks/cc65-2.18/asminc/tgi-kernel.inc(180)
tgi_outcode (tgi_outcode.o):
    tgi_clippedline.o         /build/cc65-cMn3ks/cc65-2.18/asminc/tgi-kernel.inc(181)
tgi_outtext (tgi-kernel.o):
    tgi_outtext.o             /build/cc65-cMn3ks/cc65-2.18/asminc/tgi-kernel.inc(168)
tgi_setcolor (tgi-kernel.o):
    tgi_setcolor.o            /build/cc65-cMn3ks/cc65-2.18/asminc/tgi-kernel.inc(159)
tgi_setdrawpage (tgi-kernel.o):
    tgi_init.o                /build/cc65-cMn3ks/cc65-2.18/asminc/tgi-kernel.inc(158)
tgi_setpalette (tgi-kernel.o):
    tgi_init.o                /build/cc65-cMn3ks/cc65-2.18/asminc/tgi-kernel.inc(160)
tgi_setviewpage (tgi-kernel.o):
    tgi_init.o                /build/cc65-cMn3ks/cc65-2.18/asminc/tgi-kernel.inc(157)
tmp1 (zeropage.o):
    ltoa.o                    common/ltoa.s(11)
    imul16x16r32.o            /build/cc65-cMn3ks/cc65-2.18/asminc/zeropage.inc(13)
    _printf.o                 /build/cc65-cMn3ks/cc65-2.18/asminc/zeropage.inc(13)
    tgi_clippedline.o         /build/cc65-cMn3ks/cc65-2.18/asminc/zeropage.inc(13)
    ladd.o                    runtime/ladd.s(9)
    lynx-160-102-16-tgi.o     /build/cc65-cMn3ks/cc65-2.18/asminc/zeropage.inc(13)
    xor.o                     runtime/xor.s(10)
    tgi_outcode.o             /build/cc65-cMn3ks/cc65-2.18/asminc/zeropage.inc(13)
    staxspi.o                 runtime/staxspi.s(10)
    staspidx.o                runtime/staspidx.s(9)
    or.o                      runtime/or.s(10)
    mul.o                     runtime/mul.s(10)
    incaxy.o                  runtime/incaxy.s(8)
    aslax4.o                  runtime/aslax4.s(8)
    aslax3.o                  runtime/aslax3.s(8)
    aslax2.o                  runtime/aslax2.s(8)
    aslax1.o                  runtime/aslax1.s(8)
    input.o                   input.s(11)
    main.o                    main.s(11)
tmp2 (zeropage.o):
    lmul.o                    runtime/lmul.s(10)
    lynx-160-102-16-tgi.o     /build/cc65-cMn3ks/cc65-2.18/asminc/zeropage.inc(13)
tmp3 (zeropage.o):
    lmul.o                    runtime/lmul.s(10)
    lynx-160-102-16-tgi.o     /build/cc65-cMn3ks/cc65-2.18/asminc/zeropage.inc(13)
    strcat.o                  common/strcat.s(10)
tmp4 (zeropage.o):
    lmul.o                    runtime/lmul.s(10)
    lynx-160-102-16-tgi.o     /build/cc65-cMn3ks/cc65-2.18/asminc/zeropage.inc(13)
tosaddax (add.o):
    input.o                   input.s(572)
    lynxfnio.o                lynxfnio.s(465)
    lynxfnio.o                lynxfnio.s(465)
    lynxfnio.o                lynxfnio.s(465)
    main.o                    main.s(1750)
tosaddeax (ladd.o):
    sleep.o                   ../libwrk/lynx/sleep.s(54)
toseqax (eq.o):
    input.o                   input.s(572)
    display.o                 display.s(733)
    display.o                 display.s(733)
    lynxfnio.o                lynxfnio.s(465)
    main.o                    main.s(1750)
tosgeeax (lge.o):
    sleep.o                   ../libwrk/lynx/sleep.s(54)
tosicmp (icmp.o):
    ult.o                     runtime/ult.s(8)
    ugt.o                     runtime/ugt.s(8)
    ne.o                      runtime/ne.s(8)
    eq.o                      runtime/eq.s(8)
toslcmp (lcmp.o):
    lge.o                     runtime/lge.s(8)
tosmulax (mul.o):
    main.o                    main.s(1750)
tosneax (ne.o):
    input.o                   input.s(572)
    input.o                   input.s(572)
    main.o                    main.s(1750)
tosorax (or.o):
    lynxfnio.o                lynxfnio.s(465)
tossubeax (lsub.o):
    sleep.o                   ../libwrk/lynx/sleep.s(54)
tosugtax (ugt.o):
    input.o                   input.s(572)
tosultax (ult.o):
    input.o                   input.s(572)
    lynxfnio.o                lynxfnio.s(465)
    lynxfnio.o                lynxfnio.s(465)
    lynxfnio.o                lynxfnio.s(465)
    main.o                    main.s(1750)
tosumuleax (lmul.o):
    sleep.o                   ../libwrk/lynx/sleep.s(54)
tosxorax (xor.o):
    lynxfnio.o                lynxfnio.s(465)
udiv32by16r16 (udiv32by16r16.o):
    tgi_clippedline.o         tgi/tgi_clippedline.s(8)
umul16x16r32 (umul16x16r32.o):
    tgi_clippedline.o         tgi/tgi_clippedline.s(8)
umul16x16r32m (umul16x16r32.o):
    imul16x16r32.o            runtime/imul16x16r32.s(8)
umul8x16r16 (umul8x16r24.o):
    tgi_gettextwidth.o        tgi/tgi_gettextwidth.s(11)
umul8x16r24 (umul8x16r24.o):
    tgi_settextstyle.o        tgi/tgi_settextstyle.s(9)
vsnprintf (vsnprintf.o):
    vsprintf.o                common/vsprintf.s(9)
zerobss (zerobss.o):
    crt0.o                    lynx/crt0.s(22)

